Command line invocation:
    /Applications/Xcode.app/Contents/Developer/usr/bin/xcodebuild -project ImprovSuggestions.xcodeproj -scheme ImprovSuggestions -destination "generic/platform=iOS Simulator" build

User defaults from command line:
    IDEPackageSupportUseBuiltinSCM = YES

Prepare packages

ComputeTargetDependencyGraph
note: Building targets in dependency order
note: Target dependency graph (1 target)
    Target 'ImprovSuggestions' in project 'ImprovSuggestions' (no dependencies)

GatherProvisioningInputs

CreateBuildDescription

ExecuteExternalTool /Applications/Xcode.app/Contents/Developer/usr/bin/ibtool --version --output-format xml1

ExecuteExternalTool /Applications/Xcode.app/Contents/Developer/usr/bin/actool --print-asset-tag-combinations --output-format xml1 /Users/eliaswilz/Documents/04-PROGRAMMING/Projects/ImprovSuggestions/ImprovSuggestions/Preview Content/Preview Assets.xcassets /Users/eliaswilz/Documents/04-PROGRAMMING/Projects/ImprovSuggestions/ImprovSuggestions/Assets.xcassets

ExecuteExternalTool /Applications/Xcode.app/Contents/Developer/Toolchains/XcodeDefault.xctoolchain/usr/bin/clang -v -E -dM -isysroot /Applications/Xcode.app/Contents/Developer/Platforms/iPhoneSimulator.platform/Developer/SDKs/iPhoneSimulator18.2.sdk -x c -c /dev/null

ExecuteExternalTool /Applications/Xcode.app/Contents/Developer/usr/bin/actool --version --output-format xml1

ExecuteExternalTool /Applications/Xcode.app/Contents/Developer/Toolchains/XcodeDefault.xctoolchain/usr/bin/swiftc --version

ExecuteExternalTool /Applications/Xcode.app/Contents/Developer/Toolchains/XcodeDefault.xctoolchain/usr/bin/ld -version_details

Build description signature: 6a72e81377d4f906ecd97a48e856aff8
Build description path: /Users/eliaswilz/Library/Developer/Xcode/DerivedData/ImprovSuggestions-arilmhuykqtdvpblnctnlatmeljc/Build/Intermediates.noindex/XCBuildData/6a72e81377d4f906ecd97a48e856aff8.xcbuilddata
ClangStatCache /Applications/Xcode.app/Contents/Developer/Toolchains/XcodeDefault.xctoolchain/usr/bin/clang-stat-cache /Applications/Xcode.app/Contents/Developer/Platforms/iPhoneSimulator.platform/Developer/SDKs/iPhoneSimulator18.2.sdk /Users/eliaswilz/Library/Developer/Xcode/DerivedData/SDKStatCaches.noindex/iphonesimulator18.2-22C146-07b28473f605e47e75261259d3ef3b5a.sdkstatcache
    cd /Users/eliaswilz/Documents/04-PROGRAMMING/Projects/ImprovSuggestions/ImprovSuggestions.xcodeproj
    /Applications/Xcode.app/Contents/Developer/Toolchains/XcodeDefault.xctoolchain/usr/bin/clang-stat-cache /Applications/Xcode.app/Contents/Developer/Platforms/iPhoneSimulator.platform/Developer/SDKs/iPhoneSimulator18.2.sdk -o /Users/eliaswilz/Library/Developer/Xcode/DerivedData/SDKStatCaches.noindex/iphonesimulator18.2-22C146-07b28473f605e47e75261259d3ef3b5a.sdkstatcache

ProcessProductPackaging "" /Users/eliaswilz/Library/Developer/Xcode/DerivedData/ImprovSuggestions-arilmhuykqtdvpblnctnlatmeljc/Build/Intermediates.noindex/ImprovSuggestions.build/Debug-iphonesimulator/ImprovSuggestions.build/ImprovSuggestions.app-Simulated.xcent (in target 'ImprovSuggestions' from project 'ImprovSuggestions')
    cd /Users/eliaswilz/Documents/04-PROGRAMMING/Projects/ImprovSuggestions
    
    Entitlements:
    
    {
    "application-identifier" = "XFWRS49SZ3.eliwilz.ImprovSuggestions";
}
    
    builtin-productPackagingUtility -entitlements -format xml -o /Users/eliaswilz/Library/Developer/Xcode/DerivedData/ImprovSuggestions-arilmhuykqtdvpblnctnlatmeljc/Build/Intermediates.noindex/ImprovSuggestions.build/Debug-iphonesimulator/ImprovSuggestions.build/ImprovSuggestions.app-Simulated.xcent

ProcessProductPackagingDER /Users/eliaswilz/Library/Developer/Xcode/DerivedData/ImprovSuggestions-arilmhuykqtdvpblnctnlatmeljc/Build/Intermediates.noindex/ImprovSuggestions.build/Debug-iphonesimulator/ImprovSuggestions.build/ImprovSuggestions.app-Simulated.xcent /Users/eliaswilz/Library/Developer/Xcode/DerivedData/ImprovSuggestions-arilmhuykqtdvpblnctnlatmeljc/Build/Intermediates.noindex/ImprovSuggestions.build/Debug-iphonesimulator/ImprovSuggestions.build/ImprovSuggestions.app-Simulated.xcent.der (in target 'ImprovSuggestions' from project 'ImprovSuggestions')
    cd /Users/eliaswilz/Documents/04-PROGRAMMING/Projects/ImprovSuggestions
    /usr/bin/derq query -f xml -i /Users/eliaswilz/Library/Developer/Xcode/DerivedData/ImprovSuggestions-arilmhuykqtdvpblnctnlatmeljc/Build/Intermediates.noindex/ImprovSuggestions.build/Debug-iphonesimulator/ImprovSuggestions.build/ImprovSuggestions.app-Simulated.xcent -o /Users/eliaswilz/Library/Developer/Xcode/DerivedData/ImprovSuggestions-arilmhuykqtdvpblnctnlatmeljc/Build/Intermediates.noindex/ImprovSuggestions.build/Debug-iphonesimulator/ImprovSuggestions.build/ImprovSuggestions.app-Simulated.xcent.der --raw

ProcessInfoPlistFile /Users/eliaswilz/Library/Developer/Xcode/DerivedData/ImprovSuggestions-arilmhuykqtdvpblnctnlatmeljc/Build/Products/Debug-iphonesimulator/ImprovSuggestions.app/Info.plist /Users/eliaswilz/Library/Developer/Xcode/DerivedData/ImprovSuggestions-arilmhuykqtdvpblnctnlatmeljc/Build/Intermediates.noindex/ImprovSuggestions.build/Debug-iphonesimulator/ImprovSuggestions.build/empty-ImprovSuggestions.plist (in target 'ImprovSuggestions' from project 'ImprovSuggestions')
    cd /Users/eliaswilz/Documents/04-PROGRAMMING/Projects/ImprovSuggestions
    builtin-infoPlistUtility /Users/eliaswilz/Library/Developer/Xcode/DerivedData/ImprovSuggestions-arilmhuykqtdvpblnctnlatmeljc/Build/Intermediates.noindex/ImprovSuggestions.build/Debug-iphonesimulator/ImprovSuggestions.build/empty-ImprovSuggestions.plist -producttype com.apple.product-type.application -genpkginfo /Users/eliaswilz/Library/Developer/Xcode/DerivedData/ImprovSuggestions-arilmhuykqtdvpblnctnlatmeljc/Build/Products/Debug-iphonesimulator/ImprovSuggestions.app/PkgInfo -expandbuildsettings -format binary -platform iphonesimulator -additionalcontentfile /Users/eliaswilz/Library/Developer/Xcode/DerivedData/ImprovSuggestions-arilmhuykqtdvpblnctnlatmeljc/Build/Intermediates.noindex/ImprovSuggestions.build/Debug-iphonesimulator/ImprovSuggestions.build/LaunchScreen-SBPartialInfo.plist -additionalcontentfile /Users/eliaswilz/Library/Developer/Xcode/DerivedData/ImprovSuggestions-arilmhuykqtdvpblnctnlatmeljc/Build/Intermediates.noindex/ImprovSuggestions.build/Debug-iphonesimulator/ImprovSuggestions.build/assetcatalog_generated_info.plist -o /Users/eliaswilz/Library/Developer/Xcode/DerivedData/ImprovSuggestions-arilmhuykqtdvpblnctnlatmeljc/Build/Products/Debug-iphonesimulator/ImprovSuggestions.app/Info.plist

SwiftDriver ImprovSuggestions normal arm64 com.apple.xcode.tools.swift.compiler (in target 'ImprovSuggestions' from project 'ImprovSuggestions')
    cd /Users/eliaswilz/Documents/04-PROGRAMMING/Projects/ImprovSuggestions
    builtin-SwiftDriver -- /Applications/Xcode.app/Contents/Developer/Toolchains/XcodeDefault.xctoolchain/usr/bin/swiftc -module-name ImprovSuggestions -Onone -enforce-exclusivity\=checked @/Users/eliaswilz/Library/Developer/Xcode/DerivedData/ImprovSuggestions-arilmhuykqtdvpblnctnlatmeljc/Build/Intermediates.noindex/ImprovSuggestions.build/Debug-iphonesimulator/ImprovSuggestions.build/Objects-normal/arm64/ImprovSuggestions.SwiftFileList -DDEBUG -enable-bare-slash-regex -enable-experimental-feature DebugDescriptionMacro -sdk /Applications/Xcode.app/Contents/Developer/Platforms/iPhoneSimulator.platform/Developer/SDKs/iPhoneSimulator18.2.sdk -target arm64-apple-ios18.2-simulator -g -module-cache-path /Users/eliaswilz/Library/Developer/Xcode/DerivedData/ModuleCache.noindex -Xfrontend -serialize-debugging-options -profile-coverage-mapping -profile-generate -enable-testing -index-store-path /Users/eliaswilz/Library/Developer/Xcode/DerivedData/ImprovSuggestions-arilmhuykqtdvpblnctnlatmeljc/Index.noindex/DataStore -enable-experimental-feature OpaqueTypeErasure -Xcc -D_LIBCPP_HARDENING_MODE\=_LIBCPP_HARDENING_MODE_DEBUG -swift-version 5 -I /Users/eliaswilz/Library/Developer/Xcode/DerivedData/ImprovSuggestions-arilmhuykqtdvpblnctnlatmeljc/Build/Products/Debug-iphonesimulator -F /Users/eliaswilz/Library/Developer/Xcode/DerivedData/ImprovSuggestions-arilmhuykqtdvpblnctnlatmeljc/Build/Products/Debug-iphonesimulator -emit-localized-strings -emit-localized-strings-path /Users/eliaswilz/Library/Developer/Xcode/DerivedData/ImprovSuggestions-arilmhuykqtdvpblnctnlatmeljc/Build/Intermediates.noindex/ImprovSuggestions.build/Debug-iphonesimulator/ImprovSuggestions.build/Objects-normal/arm64 -c -j8 -enable-batch-mode -incremental -Xcc -ivfsstatcache -Xcc /Users/eliaswilz/Library/Developer/Xcode/DerivedData/SDKStatCaches.noindex/iphonesimulator18.2-22C146-07b28473f605e47e75261259d3ef3b5a.sdkstatcache -output-file-map /Users/eliaswilz/Library/Developer/Xcode/DerivedData/ImprovSuggestions-arilmhuykqtdvpblnctnlatmeljc/Build/Intermediates.noindex/ImprovSuggestions.build/Debug-iphonesimulator/ImprovSuggestions.build/Objects-normal/arm64/ImprovSuggestions-OutputFileMap.json -use-frontend-parseable-output -save-temps -no-color-diagnostics -serialize-diagnostics -emit-dependencies -emit-module -emit-module-path /Users/eliaswilz/Library/Developer/Xcode/DerivedData/ImprovSuggestions-arilmhuykqtdvpblnctnlatmeljc/Build/Intermediates.noindex/ImprovSuggestions.build/Debug-iphonesimulator/ImprovSuggestions.build/Objects-normal/arm64/ImprovSuggestions.swiftmodule -validate-clang-modules-once -clang-build-session-file /Users/eliaswilz/Library/Developer/Xcode/DerivedData/ModuleCache.noindex/Session.modulevalidation -Xcc -I/Users/eliaswilz/Library/Developer/Xcode/DerivedData/ImprovSuggestions-arilmhuykqtdvpblnctnlatmeljc/Build/Intermediates.noindex/ImprovSuggestions.build/Debug-iphonesimulator/ImprovSuggestions.build/swift-overrides.hmap -emit-const-values -Xfrontend -const-gather-protocols-file -Xfrontend /Users/eliaswilz/Library/Developer/Xcode/DerivedData/ImprovSuggestions-arilmhuykqtdvpblnctnlatmeljc/Build/Intermediates.noindex/ImprovSuggestions.build/Debug-iphonesimulator/ImprovSuggestions.build/Objects-normal/arm64/ImprovSuggestions_const_extract_protocols.json -Xcc -iquote -Xcc /Users/eliaswilz/Library/Developer/Xcode/DerivedData/ImprovSuggestions-arilmhuykqtdvpblnctnlatmeljc/Build/Intermediates.noindex/ImprovSuggestions.build/Debug-iphonesimulator/ImprovSuggestions.build/ImprovSuggestions-generated-files.hmap -Xcc -I/Users/eliaswilz/Library/Developer/Xcode/DerivedData/ImprovSuggestions-arilmhuykqtdvpblnctnlatmeljc/Build/Intermediates.noindex/ImprovSuggestions.build/Debug-iphonesimulator/ImprovSuggestions.build/ImprovSuggestions-own-target-headers.hmap -Xcc -I/Users/eliaswilz/Library/Developer/Xcode/DerivedData/ImprovSuggestions-arilmhuykqtdvpblnctnlatmeljc/Build/Intermediates.noindex/ImprovSuggestions.build/Debug-iphonesimulator/ImprovSuggestions.build/ImprovSuggestions-all-target-headers.hmap -Xcc -iquote -Xcc /Users/eliaswilz/Library/Developer/Xcode/DerivedData/ImprovSuggestions-arilmhuykqtdvpblnctnlatmeljc/Build/Intermediates.noindex/ImprovSuggestions.build/Debug-iphonesimulator/ImprovSuggestions.build/ImprovSuggestions-project-headers.hmap -Xcc -I/Users/eliaswilz/Library/Developer/Xcode/DerivedData/ImprovSuggestions-arilmhuykqtdvpblnctnlatmeljc/Build/Products/Debug-iphonesimulator/include -Xcc -I/Users/eliaswilz/Library/Developer/Xcode/DerivedData/ImprovSuggestions-arilmhuykqtdvpblnctnlatmeljc/Build/Intermediates.noindex/ImprovSuggestions.build/Debug-iphonesimulator/ImprovSuggestions.build/DerivedSources-normal/arm64 -Xcc -I/Users/eliaswilz/Library/Developer/Xcode/DerivedData/ImprovSuggestions-arilmhuykqtdvpblnctnlatmeljc/Build/Intermediates.noindex/ImprovSuggestions.build/Debug-iphonesimulator/ImprovSuggestions.build/DerivedSources/arm64 -Xcc -I/Users/eliaswilz/Library/Developer/Xcode/DerivedData/ImprovSuggestions-arilmhuykqtdvpblnctnlatmeljc/Build/Intermediates.noindex/ImprovSuggestions.build/Debug-iphonesimulator/ImprovSuggestions.build/DerivedSources -Xcc -DDEBUG\=1 -emit-objc-header -emit-objc-header-path /Users/eliaswilz/Library/Developer/Xcode/DerivedData/ImprovSuggestions-arilmhuykqtdvpblnctnlatmeljc/Build/Intermediates.noindex/ImprovSuggestions.build/Debug-iphonesimulator/ImprovSuggestions.build/Objects-normal/arm64/ImprovSuggestions-Swift.h -working-directory /Users/eliaswilz/Documents/04-PROGRAMMING/Projects/ImprovSuggestions -experimental-emit-module-separately -disable-cmo

SwiftDriver ImprovSuggestions normal x86_64 com.apple.xcode.tools.swift.compiler (in target 'ImprovSuggestions' from project 'ImprovSuggestions')
    cd /Users/eliaswilz/Documents/04-PROGRAMMING/Projects/ImprovSuggestions
    builtin-SwiftDriver -- /Applications/Xcode.app/Contents/Developer/Toolchains/XcodeDefault.xctoolchain/usr/bin/swiftc -module-name ImprovSuggestions -Onone -enforce-exclusivity\=checked @/Users/eliaswilz/Library/Developer/Xcode/DerivedData/ImprovSuggestions-arilmhuykqtdvpblnctnlatmeljc/Build/Intermediates.noindex/ImprovSuggestions.build/Debug-iphonesimulator/ImprovSuggestions.build/Objects-normal/x86_64/ImprovSuggestions.SwiftFileList -DDEBUG -enable-bare-slash-regex -enable-experimental-feature DebugDescriptionMacro -sdk /Applications/Xcode.app/Contents/Developer/Platforms/iPhoneSimulator.platform/Developer/SDKs/iPhoneSimulator18.2.sdk -target x86_64-apple-ios18.2-simulator -g -module-cache-path /Users/eliaswilz/Library/Developer/Xcode/DerivedData/ModuleCache.noindex -Xfrontend -serialize-debugging-options -profile-coverage-mapping -profile-generate -enable-testing -index-store-path /Users/eliaswilz/Library/Developer/Xcode/DerivedData/ImprovSuggestions-arilmhuykqtdvpblnctnlatmeljc/Index.noindex/DataStore -enable-experimental-feature OpaqueTypeErasure -Xcc -D_LIBCPP_HARDENING_MODE\=_LIBCPP_HARDENING_MODE_DEBUG -swift-version 5 -I /Users/eliaswilz/Library/Developer/Xcode/DerivedData/ImprovSuggestions-arilmhuykqtdvpblnctnlatmeljc/Build/Products/Debug-iphonesimulator -F /Users/eliaswilz/Library/Developer/Xcode/DerivedData/ImprovSuggestions-arilmhuykqtdvpblnctnlatmeljc/Build/Products/Debug-iphonesimulator -emit-localized-strings -emit-localized-strings-path /Users/eliaswilz/Library/Developer/Xcode/DerivedData/ImprovSuggestions-arilmhuykqtdvpblnctnlatmeljc/Build/Intermediates.noindex/ImprovSuggestions.build/Debug-iphonesimulator/ImprovSuggestions.build/Objects-normal/x86_64 -c -j8 -enable-batch-mode -incremental -Xcc -ivfsstatcache -Xcc /Users/eliaswilz/Library/Developer/Xcode/DerivedData/SDKStatCaches.noindex/iphonesimulator18.2-22C146-07b28473f605e47e75261259d3ef3b5a.sdkstatcache -output-file-map /Users/eliaswilz/Library/Developer/Xcode/DerivedData/ImprovSuggestions-arilmhuykqtdvpblnctnlatmeljc/Build/Intermediates.noindex/ImprovSuggestions.build/Debug-iphonesimulator/ImprovSuggestions.build/Objects-normal/x86_64/ImprovSuggestions-OutputFileMap.json -use-frontend-parseable-output -save-temps -no-color-diagnostics -serialize-diagnostics -emit-dependencies -emit-module -emit-module-path /Users/eliaswilz/Library/Developer/Xcode/DerivedData/ImprovSuggestions-arilmhuykqtdvpblnctnlatmeljc/Build/Intermediates.noindex/ImprovSuggestions.build/Debug-iphonesimulator/ImprovSuggestions.build/Objects-normal/x86_64/ImprovSuggestions.swiftmodule -validate-clang-modules-once -clang-build-session-file /Users/eliaswilz/Library/Developer/Xcode/DerivedData/ModuleCache.noindex/Session.modulevalidation -Xcc -I/Users/eliaswilz/Library/Developer/Xcode/DerivedData/ImprovSuggestions-arilmhuykqtdvpblnctnlatmeljc/Build/Intermediates.noindex/ImprovSuggestions.build/Debug-iphonesimulator/ImprovSuggestions.build/swift-overrides.hmap -emit-const-values -Xfrontend -const-gather-protocols-file -Xfrontend /Users/eliaswilz/Library/Developer/Xcode/DerivedData/ImprovSuggestions-arilmhuykqtdvpblnctnlatmeljc/Build/Intermediates.noindex/ImprovSuggestions.build/Debug-iphonesimulator/ImprovSuggestions.build/Objects-normal/x86_64/ImprovSuggestions_const_extract_protocols.json -Xcc -iquote -Xcc /Users/eliaswilz/Library/Developer/Xcode/DerivedData/ImprovSuggestions-arilmhuykqtdvpblnctnlatmeljc/Build/Intermediates.noindex/ImprovSuggestions.build/Debug-iphonesimulator/ImprovSuggestions.build/ImprovSuggestions-generated-files.hmap -Xcc -I/Users/eliaswilz/Library/Developer/Xcode/DerivedData/ImprovSuggestions-arilmhuykqtdvpblnctnlatmeljc/Build/Intermediates.noindex/ImprovSuggestions.build/Debug-iphonesimulator/ImprovSuggestions.build/ImprovSuggestions-own-target-headers.hmap -Xcc -I/Users/eliaswilz/Library/Developer/Xcode/DerivedData/ImprovSuggestions-arilmhuykqtdvpblnctnlatmeljc/Build/Intermediates.noindex/ImprovSuggestions.build/Debug-iphonesimulator/ImprovSuggestions.build/ImprovSuggestions-all-target-headers.hmap -Xcc -iquote -Xcc /Users/eliaswilz/Library/Developer/Xcode/DerivedData/ImprovSuggestions-arilmhuykqtdvpblnctnlatmeljc/Build/Intermediates.noindex/ImprovSuggestions.build/Debug-iphonesimulator/ImprovSuggestions.build/ImprovSuggestions-project-headers.hmap -Xcc -I/Users/eliaswilz/Library/Developer/Xcode/DerivedData/ImprovSuggestions-arilmhuykqtdvpblnctnlatmeljc/Build/Products/Debug-iphonesimulator/include -Xcc -I/Users/eliaswilz/Library/Developer/Xcode/DerivedData/ImprovSuggestions-arilmhuykqtdvpblnctnlatmeljc/Build/Intermediates.noindex/ImprovSuggestions.build/Debug-iphonesimulator/ImprovSuggestions.build/DerivedSources-normal/x86_64 -Xcc -I/Users/eliaswilz/Library/Developer/Xcode/DerivedData/ImprovSuggestions-arilmhuykqtdvpblnctnlatmeljc/Build/Intermediates.noindex/ImprovSuggestions.build/Debug-iphonesimulator/ImprovSuggestions.build/DerivedSources/x86_64 -Xcc -I/Users/eliaswilz/Library/Developer/Xcode/DerivedData/ImprovSuggestions-arilmhuykqtdvpblnctnlatmeljc/Build/Intermediates.noindex/ImprovSuggestions.build/Debug-iphonesimulator/ImprovSuggestions.build/DerivedSources -Xcc -DDEBUG\=1 -emit-objc-header -emit-objc-header-path /Users/eliaswilz/Library/Developer/Xcode/DerivedData/ImprovSuggestions-arilmhuykqtdvpblnctnlatmeljc/Build/Intermediates.noindex/ImprovSuggestions.build/Debug-iphonesimulator/ImprovSuggestions.build/Objects-normal/x86_64/ImprovSuggestions-Swift.h -working-directory /Users/eliaswilz/Documents/04-PROGRAMMING/Projects/ImprovSuggestions -experimental-emit-module-separately -disable-cmo

SwiftEmitModule normal arm64 Emitting\ module\ for\ ImprovSuggestions (in target 'ImprovSuggestions' from project 'ImprovSuggestions')
    cd /Users/eliaswilz/Documents/04-PROGRAMMING/Projects/ImprovSuggestions
    builtin-swiftTaskExecution -- /Applications/Xcode.app/Contents/Developer/Toolchains/XcodeDefault.xctoolchain/usr/bin/swift-frontend -frontend -emit-module -experimental-skip-non-inlinable-function-bodies-without-types /Users/eliaswilz/Documents/04-PROGRAMMING/Projects/ImprovSuggestions/ImprovSuggestions/AddSuggestionView.swift /Users/eliaswilz/Documents/04-PROGRAMMING/Projects/ImprovSuggestions/ImprovSuggestions/ContentView.swift /Users/eliaswilz/Documents/04-PROGRAMMING/Projects/ImprovSuggestions/ImprovSuggestions/DataManager.swift /Users/eliaswilz/Documents/04-PROGRAMMING/Projects/ImprovSuggestions/ImprovSuggestions/FavoritesView.swift /Users/eliaswilz/Documents/04-PROGRAMMING/Projects/ImprovSuggestions/ImprovSuggestions/GameModeView.swift /Users/eliaswilz/Documents/04-PROGRAMMING/Projects/ImprovSuggestions/ImprovSuggestions/GameModeViewModel.swift /Users/eliaswilz/Documents/04-PROGRAMMING/Projects/ImprovSuggestions/ImprovSuggestions/HapticManager.swift /Users/eliaswilz/Documents/04-PROGRAMMING/Projects/ImprovSuggestions/ImprovSuggestions/ImprovSuggestionsApp.swift /Users/eliaswilz/Documents/04-PROGRAMMING/Projects/ImprovSuggestions/ImprovSuggestions/PersistenceAlertManager.swift /Users/eliaswilz/Documents/04-PROGRAMMING/Projects/ImprovSuggestions/ImprovSuggestions/QuestionModeView.swift /Users/eliaswilz/Documents/04-PROGRAMMING/Projects/ImprovSuggestions/ImprovSuggestions/QuestionModeViewModel.swift /Users/eliaswilz/Documents/04-PROGRAMMING/Projects/ImprovSuggestions/ImprovSuggestions/SectionHeaderView.swift /Users/eliaswilz/Documents/04-PROGRAMMING/Projects/ImprovSuggestions/ImprovSuggestions/SettingsView.swift /Users/eliaswilz/Documents/04-PROGRAMMING/Projects/ImprovSuggestions/ImprovSuggestions/SuggestionCardView.swift /Users/eliaswilz/Documents/04-PROGRAMMING/Projects/ImprovSuggestions/ImprovSuggestions/SuggestionItem.swift /Users/eliaswilz/Documents/04-PROGRAMMING/Projects/ImprovSuggestions/ImprovSuggestions/SuggestionQueueManager.swift /Users/eliaswilz/Documents/04-PROGRAMMING/Projects/ImprovSuggestions/ImprovSuggestions/Theme.swift /Users/eliaswilz/Documents/04-PROGRAMMING/Projects/ImprovSuggestions/ImprovSuggestions/WordModeView.swift /Users/eliaswilz/Documents/04-PROGRAMMING/Projects/ImprovSuggestions/ImprovSuggestions/WordModeViewModel.swift /Users/eliaswilz/Library/Developer/Xcode/DerivedData/ImprovSuggestions-arilmhuykqtdvpblnctnlatmeljc/Build/Intermediates.noindex/ImprovSuggestions.build/Debug-iphonesimulator/ImprovSuggestions.build/DerivedSources/GeneratedAssetSymbols.swift -target arm64-apple-ios18.2-simulator -Xllvm -aarch64-use-tbi -enable-objc-interop -sdk /Applications/Xcode.app/Contents/Developer/Platforms/iPhoneSimulator.platform/Developer/SDKs/iPhoneSimulator18.2.sdk -I /Users/eliaswilz/Library/Developer/Xcode/DerivedData/ImprovSuggestions-arilmhuykqtdvpblnctnlatmeljc/Build/Products/Debug-iphonesimulator -F /Users/eliaswilz/Library/Developer/Xcode/DerivedData/ImprovSuggestions-arilmhuykqtdvpblnctnlatmeljc/Build/Products/Debug-iphonesimulator -no-color-diagnostics -enable-testing -g -debug-info-format\=dwarf -dwarf-version\=5 -module-cache-path /Users/eliaswilz/Library/Developer/Xcode/DerivedData/ModuleCache.noindex -profile-generate -profile-coverage-mapping -swift-version 5 -enforce-exclusivity\=checked -Onone -D DEBUG -serialize-debugging-options -const-gather-protocols-file /Users/eliaswilz/Library/Developer/Xcode/DerivedData/ImprovSuggestions-arilmhuykqtdvpblnctnlatmeljc/Build/Intermediates.noindex/ImprovSuggestions.build/Debug-iphonesimulator/ImprovSuggestions.build/Objects-normal/arm64/ImprovSuggestions_const_extract_protocols.json -enable-experimental-feature DebugDescriptionMacro -enable-experimental-feature OpaqueTypeErasure -enable-bare-slash-regex -empty-abi-descriptor -validate-clang-modules-once -clang-build-session-file /Users/eliaswilz/Library/Developer/Xcode/DerivedData/ModuleCache.noindex/Session.modulevalidation -Xcc -working-directory -Xcc /Users/eliaswilz/Documents/04-PROGRAMMING/Projects/ImprovSuggestions -resource-dir /Applications/Xcode.app/Contents/Developer/Toolchains/XcodeDefault.xctoolchain/usr/lib/swift -enable-anonymous-context-mangled-names -file-compilation-dir /Users/eliaswilz/Documents/04-PROGRAMMING/Projects/ImprovSuggestions -Xcc -D_LIBCPP_HARDENING_MODE\=_LIBCPP_HARDENING_MODE_DEBUG -Xcc -ivfsstatcache -Xcc /Users/eliaswilz/Library/Developer/Xcode/DerivedData/SDKStatCaches.noindex/iphonesimulator18.2-22C146-07b28473f605e47e75261259d3ef3b5a.sdkstatcache -Xcc -I/Users/eliaswilz/Library/Developer/Xcode/DerivedData/ImprovSuggestions-arilmhuykqtdvpblnctnlatmeljc/Build/Intermediates.noindex/ImprovSuggestions.build/Debug-iphonesimulator/ImprovSuggestions.build/swift-overrides.hmap -Xcc -iquote -Xcc /Users/eliaswilz/Library/Developer/Xcode/DerivedData/ImprovSuggestions-arilmhuykqtdvpblnctnlatmeljc/Build/Intermediates.noindex/ImprovSuggestions.build/Debug-iphonesimulator/ImprovSuggestions.build/ImprovSuggestions-generated-files.hmap -Xcc -I/Users/eliaswilz/Library/Developer/Xcode/DerivedData/ImprovSuggestions-arilmhuykqtdvpblnctnlatmeljc/Build/Intermediates.noindex/ImprovSuggestions.build/Debug-iphonesimulator/ImprovSuggestions.build/ImprovSuggestions-own-target-headers.hmap -Xcc -I/Users/eliaswilz/Library/Developer/Xcode/DerivedData/ImprovSuggestions-arilmhuykqtdvpblnctnlatmeljc/Build/Intermediates.noindex/ImprovSuggestions.build/Debug-iphonesimulator/ImprovSuggestions.build/ImprovSuggestions-all-target-headers.hmap -Xcc -iquote -Xcc /Users/eliaswilz/Library/Developer/Xcode/DerivedData/ImprovSuggestions-arilmhuykqtdvpblnctnlatmeljc/Build/Intermediates.noindex/ImprovSuggestions.build/Debug-iphonesimulator/ImprovSuggestions.build/ImprovSuggestions-project-headers.hmap -Xcc -I/Users/eliaswilz/Library/Developer/Xcode/DerivedData/ImprovSuggestions-arilmhuykqtdvpblnctnlatmeljc/Build/Products/Debug-iphonesimulator/include -Xcc -I/Users/eliaswilz/Library/Developer/Xcode/DerivedData/ImprovSuggestions-arilmhuykqtdvpblnctnlatmeljc/Build/Intermediates.noindex/ImprovSuggestions.build/Debug-iphonesimulator/ImprovSuggestions.build/DerivedSources-normal/arm64 -Xcc -I/Users/eliaswilz/Library/Developer/Xcode/DerivedData/ImprovSuggestions-arilmhuykqtdvpblnctnlatmeljc/Build/Intermediates.noindex/ImprovSuggestions.build/Debug-iphonesimulator/ImprovSuggestions.build/DerivedSources/arm64 -Xcc -I/Users/eliaswilz/Library/Developer/Xcode/DerivedData/ImprovSuggestions-arilmhuykqtdvpblnctnlatmeljc/Build/Intermediates.noindex/ImprovSuggestions.build/Debug-iphonesimulator/ImprovSuggestions.build/DerivedSources -Xcc -DDEBUG\=1 -module-name ImprovSuggestions -frontend-parseable-output -disable-clang-spi -target-sdk-version 18.2 -target-sdk-name iphonesimulator18.2 -external-plugin-path /Applications/Xcode.app/Contents/Developer/Platforms/iPhoneOS.platform/Developer/usr/lib/swift/host/plugins\#/Applications/Xcode.app/Contents/Developer/Platforms/iPhoneOS.platform/Developer/usr/bin/swift-plugin-server -external-plugin-path /Applications/Xcode.app/Contents/Developer/Platforms/iPhoneOS.platform/Developer/usr/local/lib/swift/host/plugins\#/Applications/Xcode.app/Contents/Developer/Platforms/iPhoneOS.platform/Developer/usr/bin/swift-plugin-server -plugin-path /Applications/Xcode.app/Contents/Developer/Toolchains/XcodeDefault.xctoolchain/usr/lib/swift/host/plugins -plugin-path /Applications/Xcode.app/Contents/Developer/Toolchains/XcodeDefault.xctoolchain/usr/local/lib/swift/host/plugins -emit-module-doc-path /Users/eliaswilz/Library/Developer/Xcode/DerivedData/ImprovSuggestions-arilmhuykqtdvpblnctnlatmeljc/Build/Intermediates.noindex/ImprovSuggestions.build/Debug-iphonesimulator/ImprovSuggestions.build/Objects-normal/arm64/ImprovSuggestions.swiftdoc -emit-module-source-info-path /Users/eliaswilz/Library/Developer/Xcode/DerivedData/ImprovSuggestions-arilmhuykqtdvpblnctnlatmeljc/Build/Intermediates.noindex/ImprovSuggestions.build/Debug-iphonesimulator/ImprovSuggestions.build/Objects-normal/arm64/ImprovSuggestions.swiftsourceinfo -emit-objc-header-path /Users/eliaswilz/Library/Developer/Xcode/DerivedData/ImprovSuggestions-arilmhuykqtdvpblnctnlatmeljc/Build/Intermediates.noindex/ImprovSuggestions.build/Debug-iphonesimulator/ImprovSuggestions.build/Objects-normal/arm64/ImprovSuggestions-Swift.h -serialize-diagnostics-path /Users/eliaswilz/Library/Developer/Xcode/DerivedData/ImprovSuggestions-arilmhuykqtdvpblnctnlatmeljc/Build/Intermediates.noindex/ImprovSuggestions.build/Debug-iphonesimulator/ImprovSuggestions.build/Objects-normal/arm64/ImprovSuggestions-master-emit-module.dia -emit-dependencies-path /Users/eliaswilz/Library/Developer/Xcode/DerivedData/ImprovSuggestions-arilmhuykqtdvpblnctnlatmeljc/Build/Intermediates.noindex/ImprovSuggestions.build/Debug-iphonesimulator/ImprovSuggestions.build/Objects-normal/arm64/ImprovSuggestions-master-emit-module.d -o /Users/eliaswilz/Library/Developer/Xcode/DerivedData/ImprovSuggestions-arilmhuykqtdvpblnctnlatmeljc/Build/Intermediates.noindex/ImprovSuggestions.build/Debug-iphonesimulator/ImprovSuggestions.build/Objects-normal/arm64/ImprovSuggestions.swiftmodule -emit-abi-descriptor-path /Users/eliaswilz/Library/Developer/Xcode/DerivedData/ImprovSuggestions-arilmhuykqtdvpblnctnlatmeljc/Build/Intermediates.noindex/ImprovSuggestions.build/Debug-iphonesimulator/ImprovSuggestions.build/Objects-normal/arm64/ImprovSuggestions.abi.json

EmitSwiftModule normal arm64 (in target 'ImprovSuggestions' from project 'ImprovSuggestions')
    cd /Users/eliaswilz/Documents/04-PROGRAMMING/Projects/ImprovSuggestions
    /Applications/Xcode.app/Contents/Developer/Toolchains/XcodeDefault.xctoolchain/usr/bin/swift-frontend -emit-module -experimental-skip-non-inlinable-function-bodies-without-types /Users/eliaswilz/Documents/04-PROGRAMMING/Projects/ImprovSuggestions/ImprovSuggestions/AddSuggestionView.swift /Users/eliaswilz/Documents/04-PROGRAMMING/Projects/ImprovSuggestions/ImprovSuggestions/ContentView.swift /Users/eliaswilz/Documents/04-PROGRAMMING/Projects/ImprovSuggestions/ImprovSuggestions/DataManager.swift /Users/eliaswilz/Documents/04-PROGRAMMING/Projects/ImprovSuggestions/ImprovSuggestions/FavoritesView.swift /Users/eliaswilz/Documents/04-PROGRAMMING/Projects/ImprovSuggestions/ImprovSuggestions/GameModeView.swift /Users/eliaswilz/Documents/04-PROGRAMMING/Projects/ImprovSuggestions/ImprovSuggestions/GameModeViewModel.swift /Users/eliaswilz/Documents/04-PROGRAMMING/Projects/ImprovSuggestions/ImprovSuggestions/HapticManager.swift /Users/eliaswilz/Documents/04-PROGRAMMING/Projects/ImprovSuggestions/ImprovSuggestions/ImprovSuggestionsApp.swift /Users/eliaswilz/Documents/04-PROGRAMMING/Projects/ImprovSuggestions/ImprovSuggestions/PersistenceAlertManager.swift /Users/eliaswilz/Documents/04-PROGRAMMING/Projects/ImprovSuggestions/ImprovSuggestions/QuestionModeView.swift /Users/eliaswilz/Documents/04-PROGRAMMING/Projects/ImprovSuggestions/ImprovSuggestions/QuestionModeViewModel.swift /Users/eliaswilz/Documents/04-PROGRAMMING/Projects/ImprovSuggestions/ImprovSuggestions/SectionHeaderView.swift /Users/eliaswilz/Documents/04-PROGRAMMING/Projects/ImprovSuggestions/ImprovSuggestions/SettingsView.swift /Users/eliaswilz/Documents/04-PROGRAMMING/Projects/ImprovSuggestions/ImprovSuggestions/SuggestionCardView.swift /Users/eliaswilz/Documents/04-PROGRAMMING/Projects/ImprovSuggestions/ImprovSuggestions/SuggestionItem.swift /Users/eliaswilz/Documents/04-PROGRAMMING/Projects/ImprovSuggestions/ImprovSuggestions/SuggestionQueueManager.swift /Users/eliaswilz/Documents/04-PROGRAMMING/Projects/ImprovSuggestions/ImprovSuggestions/Theme.swift /Users/eliaswilz/Documents/04-PROGRAMMING/Projects/ImprovSuggestions/ImprovSuggestions/WordModeView.swift /Users/eliaswilz/Documents/04-PROGRAMMING/Projects/ImprovSuggestions/ImprovSuggestions/WordModeViewModel.swift /Users/eliaswilz/Library/Developer/Xcode/DerivedData/ImprovSuggestions-arilmhuykqtdvpblnctnlatmeljc/Build/Intermediates.noindex/ImprovSuggestions.build/Debug-iphonesimulator/ImprovSuggestions.build/DerivedSources/GeneratedAssetSymbols.swift -target arm64-apple-ios18.2-simulator -Xllvm -aarch64-use-tbi -enable-objc-interop -sdk /Applications/Xcode.app/Contents/Developer/Platforms/iPhoneSimulator.platform/Developer/SDKs/iPhoneSimulator18.2.sdk -I /Users/eliaswilz/Library/Developer/Xcode/DerivedData/ImprovSuggestions-arilmhuykqtdvpblnctnlatmeljc/Build/Products/Debug-iphonesimulator -F /Users/eliaswilz/Library/Developer/Xcode/DerivedData/ImprovSuggestions-arilmhuykqtdvpblnctnlatmeljc/Build/Products/Debug-iphonesimulator -no-color-diagnostics -enable-testing -g -debug-info-format\=dwarf -dwarf-version\=5 -module-cache-path /Users/eliaswilz/Library/Developer/Xcode/DerivedData/ModuleCache.noindex -profile-generate -profile-coverage-mapping -swift-version 5 -enforce-exclusivity\=checked -Onone -D DEBUG -serialize-debugging-options -const-gather-protocols-file /Users/eliaswilz/Library/Developer/Xcode/DerivedData/ImprovSuggestions-arilmhuykqtdvpblnctnlatmeljc/Build/Intermediates.noindex/ImprovSuggestions.build/Debug-iphonesimulator/ImprovSuggestions.build/Objects-normal/arm64/ImprovSuggestions_const_extract_protocols.json -enable-experimental-feature DebugDescriptionMacro -enable-experimental-feature OpaqueTypeErasure -enable-bare-slash-regex -empty-abi-descriptor -validate-clang-modules-once -clang-build-session-file /Users/eliaswilz/Library/Developer/Xcode/DerivedData/ModuleCache.noindex/Session.modulevalidation -Xcc -working-directory -Xcc /Users/eliaswilz/Documents/04-PROGRAMMING/Projects/ImprovSuggestions -resource-dir /Applications/Xcode.app/Contents/Developer/Toolchains/XcodeDefault.xctoolchain/usr/lib/swift -enable-anonymous-context-mangled-names -file-compilation-dir /Users/eliaswilz/Documents/04-PROGRAMMING/Projects/ImprovSuggestions -Xcc -D_LIBCPP_HARDENING_MODE\=_LIBCPP_HARDENING_MODE_DEBUG -Xcc -ivfsstatcache -Xcc /Users/eliaswilz/Library/Developer/Xcode/DerivedData/SDKStatCaches.noindex/iphonesimulator18.2-22C146-07b28473f605e47e75261259d3ef3b5a.sdkstatcache -Xcc -I/Users/eliaswilz/Library/Developer/Xcode/DerivedData/ImprovSuggestions-arilmhuykqtdvpblnctnlatmeljc/Build/Intermediates.noindex/ImprovSuggestions.build/Debug-iphonesimulator/ImprovSuggestions.build/swift-overrides.hmap -Xcc -iquote -Xcc /Users/eliaswilz/Library/Developer/Xcode/DerivedData/ImprovSuggestions-arilmhuykqtdvpblnctnlatmeljc/Build/Intermediates.noindex/ImprovSuggestions.build/Debug-iphonesimulator/ImprovSuggestions.build/ImprovSuggestions-generated-files.hmap -Xcc -I/Users/eliaswilz/Library/Developer/Xcode/DerivedData/ImprovSuggestions-arilmhuykqtdvpblnctnlatmeljc/Build/Intermediates.noindex/ImprovSuggestions.build/Debug-iphonesimulator/ImprovSuggestions.build/ImprovSuggestions-own-target-headers.hmap -Xcc -I/Users/eliaswilz/Library/Developer/Xcode/DerivedData/ImprovSuggestions-arilmhuykqtdvpblnctnlatmeljc/Build/Intermediates.noindex/ImprovSuggestions.build/Debug-iphonesimulator/ImprovSuggestions.build/ImprovSuggestions-all-target-headers.hmap -Xcc -iquote -Xcc /Users/eliaswilz/Library/Developer/Xcode/DerivedData/ImprovSuggestions-arilmhuykqtdvpblnctnlatmeljc/Build/Intermediates.noindex/ImprovSuggestions.build/Debug-iphonesimulator/ImprovSuggestions.build/ImprovSuggestions-project-headers.hmap -Xcc -I/Users/eliaswilz/Library/Developer/Xcode/DerivedData/ImprovSuggestions-arilmhuykqtdvpblnctnlatmeljc/Build/Products/Debug-iphonesimulator/include -Xcc -I/Users/eliaswilz/Library/Developer/Xcode/DerivedData/ImprovSuggestions-arilmhuykqtdvpblnctnlatmeljc/Build/Intermediates.noindex/ImprovSuggestions.build/Debug-iphonesimulator/ImprovSuggestions.build/DerivedSources-normal/arm64 -Xcc -I/Users/eliaswilz/Library/Developer/Xcode/DerivedData/ImprovSuggestions-arilmhuykqtdvpblnctnlatmeljc/Build/Intermediates.noindex/ImprovSuggestions.build/Debug-iphonesimulator/ImprovSuggestions.build/DerivedSources/arm64 -Xcc -I/Users/eliaswilz/Library/Developer/Xcode/DerivedData/ImprovSuggestions-arilmhuykqtdvpblnctnlatmeljc/Build/Intermediates.noindex/ImprovSuggestions.build/Debug-iphonesimulator/ImprovSuggestions.build/DerivedSources -Xcc -DDEBUG\=1 -module-name ImprovSuggestions -frontend-parseable-output -disable-clang-spi -target-sdk-version 18.2 -target-sdk-name iphonesimulator18.2 -external-plugin-path /Applications/Xcode.app/Contents/Developer/Platforms/iPhoneOS.platform/Developer/usr/lib/swift/host/plugins\#/Applications/Xcode.app/Contents/Developer/Platforms/iPhoneOS.platform/Developer/usr/bin/swift-plugin-server -external-plugin-path /Applications/Xcode.app/Contents/Developer/Platforms/iPhoneOS.platform/Developer/usr/local/lib/swift/host/plugins\#/Applications/Xcode.app/Contents/Developer/Platforms/iPhoneOS.platform/Developer/usr/bin/swift-plugin-server -plugin-path /Applications/Xcode.app/Contents/Developer/Toolchains/XcodeDefault.xctoolchain/usr/lib/swift/host/plugins -plugin-path /Applications/Xcode.app/Contents/Developer/Toolchains/XcodeDefault.xctoolchain/usr/local/lib/swift/host/plugins -emit-module-doc-path /Users/eliaswilz/Library/Developer/Xcode/DerivedData/ImprovSuggestions-arilmhuykqtdvpblnctnlatmeljc/Build/Intermediates.noindex/ImprovSuggestions.build/Debug-iphonesimulator/ImprovSuggestions.build/Objects-normal/arm64/ImprovSuggestions.swiftdoc -emit-module-source-info-path /Users/eliaswilz/Library/Developer/Xcode/DerivedData/ImprovSuggestions-arilmhuykqtdvpblnctnlatmeljc/Build/Intermediates.noindex/ImprovSuggestions.build/Debug-iphonesimulator/ImprovSuggestions.build/Objects-normal/arm64/ImprovSuggestions.swiftsourceinfo -emit-objc-header-path /Users/eliaswilz/Library/Developer/Xcode/DerivedData/ImprovSuggestions-arilmhuykqtdvpblnctnlatmeljc/Build/Intermediates.noindex/ImprovSuggestions.build/Debug-iphonesimulator/ImprovSuggestions.build/Objects-normal/arm64/ImprovSuggestions-Swift.h -serialize-diagnostics-path /Users/eliaswilz/Library/Developer/Xcode/DerivedData/ImprovSuggestions-arilmhuykqtdvpblnctnlatmeljc/Build/Intermediates.noindex/ImprovSuggestions.build/Debug-iphonesimulator/ImprovSuggestions.build/Objects-normal/arm64/ImprovSuggestions-master-emit-module.dia -emit-dependencies-path /Users/eliaswilz/Library/Developer/Xcode/DerivedData/ImprovSuggestions-arilmhuykqtdvpblnctnlatmeljc/Build/Intermediates.noindex/ImprovSuggestions.build/Debug-iphonesimulator/ImprovSuggestions.build/Objects-normal/arm64/ImprovSuggestions-master-emit-module.d -o /Users/eliaswilz/Library/Developer/Xcode/DerivedData/ImprovSuggestions-arilmhuykqtdvpblnctnlatmeljc/Build/Intermediates.noindex/ImprovSuggestions.build/Debug-iphonesimulator/ImprovSuggestions.build/Objects-normal/arm64/ImprovSuggestions.swiftmodule -emit-abi-descriptor-path /Users/eliaswilz/Library/Developer/Xcode/DerivedData/ImprovSuggestions-arilmhuykqtdvpblnctnlatmeljc/Build/Intermediates.noindex/ImprovSuggestions.build/Debug-iphonesimulator/ImprovSuggestions.build/Objects-normal/arm64/ImprovSuggestions.abi.json

SwiftEmitModule normal x86_64 Emitting\ module\ for\ ImprovSuggestions (in target 'ImprovSuggestions' from project 'ImprovSuggestions')
    cd /Users/eliaswilz/Documents/04-PROGRAMMING/Projects/ImprovSuggestions
    builtin-swiftTaskExecution -- /Applications/Xcode.app/Contents/Developer/Toolchains/XcodeDefault.xctoolchain/usr/bin/swift-frontend -frontend -emit-module -experimental-skip-non-inlinable-function-bodies-without-types /Users/eliaswilz/Documents/04-PROGRAMMING/Projects/ImprovSuggestions/ImprovSuggestions/AddSuggestionView.swift /Users/eliaswilz/Documents/04-PROGRAMMING/Projects/ImprovSuggestions/ImprovSuggestions/ContentView.swift /Users/eliaswilz/Documents/04-PROGRAMMING/Projects/ImprovSuggestions/ImprovSuggestions/DataManager.swift /Users/eliaswilz/Documents/04-PROGRAMMING/Projects/ImprovSuggestions/ImprovSuggestions/FavoritesView.swift /Users/eliaswilz/Documents/04-PROGRAMMING/Projects/ImprovSuggestions/ImprovSuggestions/GameModeView.swift /Users/eliaswilz/Documents/04-PROGRAMMING/Projects/ImprovSuggestions/ImprovSuggestions/GameModeViewModel.swift /Users/eliaswilz/Documents/04-PROGRAMMING/Projects/ImprovSuggestions/ImprovSuggestions/HapticManager.swift /Users/eliaswilz/Documents/04-PROGRAMMING/Projects/ImprovSuggestions/ImprovSuggestions/ImprovSuggestionsApp.swift /Users/eliaswilz/Documents/04-PROGRAMMING/Projects/ImprovSuggestions/ImprovSuggestions/PersistenceAlertManager.swift /Users/eliaswilz/Documents/04-PROGRAMMING/Projects/ImprovSuggestions/ImprovSuggestions/QuestionModeView.swift /Users/eliaswilz/Documents/04-PROGRAMMING/Projects/ImprovSuggestions/ImprovSuggestions/QuestionModeViewModel.swift /Users/eliaswilz/Documents/04-PROGRAMMING/Projects/ImprovSuggestions/ImprovSuggestions/SectionHeaderView.swift /Users/eliaswilz/Documents/04-PROGRAMMING/Projects/ImprovSuggestions/ImprovSuggestions/SettingsView.swift /Users/eliaswilz/Documents/04-PROGRAMMING/Projects/ImprovSuggestions/ImprovSuggestions/SuggestionCardView.swift /Users/eliaswilz/Documents/04-PROGRAMMING/Projects/ImprovSuggestions/ImprovSuggestions/SuggestionItem.swift /Users/eliaswilz/Documents/04-PROGRAMMING/Projects/ImprovSuggestions/ImprovSuggestions/SuggestionQueueManager.swift /Users/eliaswilz/Documents/04-PROGRAMMING/Projects/ImprovSuggestions/ImprovSuggestions/Theme.swift /Users/eliaswilz/Documents/04-PROGRAMMING/Projects/ImprovSuggestions/ImprovSuggestions/WordModeView.swift /Users/eliaswilz/Documents/04-PROGRAMMING/Projects/ImprovSuggestions/ImprovSuggestions/WordModeViewModel.swift /Users/eliaswilz/Library/Developer/Xcode/DerivedData/ImprovSuggestions-arilmhuykqtdvpblnctnlatmeljc/Build/Intermediates.noindex/ImprovSuggestions.build/Debug-iphonesimulator/ImprovSuggestions.build/DerivedSources/GeneratedAssetSymbols.swift -target x86_64-apple-ios18.2-simulator -enable-objc-interop -sdk /Applications/Xcode.app/Contents/Developer/Platforms/iPhoneSimulator.platform/Developer/SDKs/iPhoneSimulator18.2.sdk -I /Users/eliaswilz/Library/Developer/Xcode/DerivedData/ImprovSuggestions-arilmhuykqtdvpblnctnlatmeljc/Build/Products/Debug-iphonesimulator -F /Users/eliaswilz/Library/Developer/Xcode/DerivedData/ImprovSuggestions-arilmhuykqtdvpblnctnlatmeljc/Build/Products/Debug-iphonesimulator -no-color-diagnostics -enable-testing -g -debug-info-format\=dwarf -dwarf-version\=5 -module-cache-path /Users/eliaswilz/Library/Developer/Xcode/DerivedData/ModuleCache.noindex -profile-generate -profile-coverage-mapping -swift-version 5 -enforce-exclusivity\=checked -Onone -D DEBUG -serialize-debugging-options -const-gather-protocols-file /Users/eliaswilz/Library/Developer/Xcode/DerivedData/ImprovSuggestions-arilmhuykqtdvpblnctnlatmeljc/Build/Intermediates.noindex/ImprovSuggestions.build/Debug-iphonesimulator/ImprovSuggestions.build/Objects-normal/x86_64/ImprovSuggestions_const_extract_protocols.json -enable-experimental-feature DebugDescriptionMacro -enable-experimental-feature OpaqueTypeErasure -enable-bare-slash-regex -empty-abi-descriptor -validate-clang-modules-once -clang-build-session-file /Users/eliaswilz/Library/Developer/Xcode/DerivedData/ModuleCache.noindex/Session.modulevalidation -Xcc -working-directory -Xcc /Users/eliaswilz/Documents/04-PROGRAMMING/Projects/ImprovSuggestions -resource-dir /Applications/Xcode.app/Contents/Developer/Toolchains/XcodeDefault.xctoolchain/usr/lib/swift -enable-anonymous-context-mangled-names -file-compilation-dir /Users/eliaswilz/Documents/04-PROGRAMMING/Projects/ImprovSuggestions -Xcc -D_LIBCPP_HARDENING_MODE\=_LIBCPP_HARDENING_MODE_DEBUG -Xcc -ivfsstatcache -Xcc /Users/eliaswilz/Library/Developer/Xcode/DerivedData/SDKStatCaches.noindex/iphonesimulator18.2-22C146-07b28473f605e47e75261259d3ef3b5a.sdkstatcache -Xcc -I/Users/eliaswilz/Library/Developer/Xcode/DerivedData/ImprovSuggestions-arilmhuykqtdvpblnctnlatmeljc/Build/Intermediates.noindex/ImprovSuggestions.build/Debug-iphonesimulator/ImprovSuggestions.build/swift-overrides.hmap -Xcc -iquote -Xcc /Users/eliaswilz/Library/Developer/Xcode/DerivedData/ImprovSuggestions-arilmhuykqtdvpblnctnlatmeljc/Build/Intermediates.noindex/ImprovSuggestions.build/Debug-iphonesimulator/ImprovSuggestions.build/ImprovSuggestions-generated-files.hmap -Xcc -I/Users/eliaswilz/Library/Developer/Xcode/DerivedData/ImprovSuggestions-arilmhuykqtdvpblnctnlatmeljc/Build/Intermediates.noindex/ImprovSuggestions.build/Debug-iphonesimulator/ImprovSuggestions.build/ImprovSuggestions-own-target-headers.hmap -Xcc -I/Users/eliaswilz/Library/Developer/Xcode/DerivedData/ImprovSuggestions-arilmhuykqtdvpblnctnlatmeljc/Build/Intermediates.noindex/ImprovSuggestions.build/Debug-iphonesimulator/ImprovSuggestions.build/ImprovSuggestions-all-target-headers.hmap -Xcc -iquote -Xcc /Users/eliaswilz/Library/Developer/Xcode/DerivedData/ImprovSuggestions-arilmhuykqtdvpblnctnlatmeljc/Build/Intermediates.noindex/ImprovSuggestions.build/Debug-iphonesimulator/ImprovSuggestions.build/ImprovSuggestions-project-headers.hmap -Xcc -I/Users/eliaswilz/Library/Developer/Xcode/DerivedData/ImprovSuggestions-arilmhuykqtdvpblnctnlatmeljc/Build/Products/Debug-iphonesimulator/include -Xcc -I/Users/eliaswilz/Library/Developer/Xcode/DerivedData/ImprovSuggestions-arilmhuykqtdvpblnctnlatmeljc/Build/Intermediates.noindex/ImprovSuggestions.build/Debug-iphonesimulator/ImprovSuggestions.build/DerivedSources-normal/x86_64 -Xcc -I/Users/eliaswilz/Library/Developer/Xcode/DerivedData/ImprovSuggestions-arilmhuykqtdvpblnctnlatmeljc/Build/Intermediates.noindex/ImprovSuggestions.build/Debug-iphonesimulator/ImprovSuggestions.build/DerivedSources/x86_64 -Xcc -I/Users/eliaswilz/Library/Developer/Xcode/DerivedData/ImprovSuggestions-arilmhuykqtdvpblnctnlatmeljc/Build/Intermediates.noindex/ImprovSuggestions.build/Debug-iphonesimulator/ImprovSuggestions.build/DerivedSources -Xcc -DDEBUG\=1 -module-name ImprovSuggestions -frontend-parseable-output -disable-clang-spi -target-sdk-version 18.2 -target-sdk-name iphonesimulator18.2 -external-plugin-path /Applications/Xcode.app/Contents/Developer/Platforms/iPhoneOS.platform/Developer/usr/lib/swift/host/plugins\#/Applications/Xcode.app/Contents/Developer/Platforms/iPhoneOS.platform/Developer/usr/bin/swift-plugin-server -external-plugin-path /Applications/Xcode.app/Contents/Developer/Platforms/iPhoneOS.platform/Developer/usr/local/lib/swift/host/plugins\#/Applications/Xcode.app/Contents/Developer/Platforms/iPhoneOS.platform/Developer/usr/bin/swift-plugin-server -plugin-path /Applications/Xcode.app/Contents/Developer/Toolchains/XcodeDefault.xctoolchain/usr/lib/swift/host/plugins -plugin-path /Applications/Xcode.app/Contents/Developer/Toolchains/XcodeDefault.xctoolchain/usr/local/lib/swift/host/plugins -emit-module-doc-path /Users/eliaswilz/Library/Developer/Xcode/DerivedData/ImprovSuggestions-arilmhuykqtdvpblnctnlatmeljc/Build/Intermediates.noindex/ImprovSuggestions.build/Debug-iphonesimulator/ImprovSuggestions.build/Objects-normal/x86_64/ImprovSuggestions.swiftdoc -emit-module-source-info-path /Users/eliaswilz/Library/Developer/Xcode/DerivedData/ImprovSuggestions-arilmhuykqtdvpblnctnlatmeljc/Build/Intermediates.noindex/ImprovSuggestions.build/Debug-iphonesimulator/ImprovSuggestions.build/Objects-normal/x86_64/ImprovSuggestions.swiftsourceinfo -emit-objc-header-path /Users/eliaswilz/Library/Developer/Xcode/DerivedData/ImprovSuggestions-arilmhuykqtdvpblnctnlatmeljc/Build/Intermediates.noindex/ImprovSuggestions.build/Debug-iphonesimulator/ImprovSuggestions.build/Objects-normal/x86_64/ImprovSuggestions-Swift.h -serialize-diagnostics-path /Users/eliaswilz/Library/Developer/Xcode/DerivedData/ImprovSuggestions-arilmhuykqtdvpblnctnlatmeljc/Build/Intermediates.noindex/ImprovSuggestions.build/Debug-iphonesimulator/ImprovSuggestions.build/Objects-normal/x86_64/ImprovSuggestions-master-emit-module.dia -emit-dependencies-path /Users/eliaswilz/Library/Developer/Xcode/DerivedData/ImprovSuggestions-arilmhuykqtdvpblnctnlatmeljc/Build/Intermediates.noindex/ImprovSuggestions.build/Debug-iphonesimulator/ImprovSuggestions.build/Objects-normal/x86_64/ImprovSuggestions-master-emit-module.d -o /Users/eliaswilz/Library/Developer/Xcode/DerivedData/ImprovSuggestions-arilmhuykqtdvpblnctnlatmeljc/Build/Intermediates.noindex/ImprovSuggestions.build/Debug-iphonesimulator/ImprovSuggestions.build/Objects-normal/x86_64/ImprovSuggestions.swiftmodule -emit-abi-descriptor-path /Users/eliaswilz/Library/Developer/Xcode/DerivedData/ImprovSuggestions-arilmhuykqtdvpblnctnlatmeljc/Build/Intermediates.noindex/ImprovSuggestions.build/Debug-iphonesimulator/ImprovSuggestions.build/Objects-normal/x86_64/ImprovSuggestions.abi.json

EmitSwiftModule normal x86_64 (in target 'ImprovSuggestions' from project 'ImprovSuggestions')
    cd /Users/eliaswilz/Documents/04-PROGRAMMING/Projects/ImprovSuggestions
    /Applications/Xcode.app/Contents/Developer/Toolchains/XcodeDefault.xctoolchain/usr/bin/swift-frontend -emit-module -experimental-skip-non-inlinable-function-bodies-without-types /Users/eliaswilz/Documents/04-PROGRAMMING/Projects/ImprovSuggestions/ImprovSuggestions/AddSuggestionView.swift /Users/eliaswilz/Documents/04-PROGRAMMING/Projects/ImprovSuggestions/ImprovSuggestions/ContentView.swift /Users/eliaswilz/Documents/04-PROGRAMMING/Projects/ImprovSuggestions/ImprovSuggestions/DataManager.swift /Users/eliaswilz/Documents/04-PROGRAMMING/Projects/ImprovSuggestions/ImprovSuggestions/FavoritesView.swift /Users/eliaswilz/Documents/04-PROGRAMMING/Projects/ImprovSuggestions/ImprovSuggestions/GameModeView.swift /Users/eliaswilz/Documents/04-PROGRAMMING/Projects/ImprovSuggestions/ImprovSuggestions/GameModeViewModel.swift /Users/eliaswilz/Documents/04-PROGRAMMING/Projects/ImprovSuggestions/ImprovSuggestions/HapticManager.swift /Users/eliaswilz/Documents/04-PROGRAMMING/Projects/ImprovSuggestions/ImprovSuggestions/ImprovSuggestionsApp.swift /Users/eliaswilz/Documents/04-PROGRAMMING/Projects/ImprovSuggestions/ImprovSuggestions/PersistenceAlertManager.swift /Users/eliaswilz/Documents/04-PROGRAMMING/Projects/ImprovSuggestions/ImprovSuggestions/QuestionModeView.swift /Users/eliaswilz/Documents/04-PROGRAMMING/Projects/ImprovSuggestions/ImprovSuggestions/QuestionModeViewModel.swift /Users/eliaswilz/Documents/04-PROGRAMMING/Projects/ImprovSuggestions/ImprovSuggestions/SectionHeaderView.swift /Users/eliaswilz/Documents/04-PROGRAMMING/Projects/ImprovSuggestions/ImprovSuggestions/SettingsView.swift /Users/eliaswilz/Documents/04-PROGRAMMING/Projects/ImprovSuggestions/ImprovSuggestions/SuggestionCardView.swift /Users/eliaswilz/Documents/04-PROGRAMMING/Projects/ImprovSuggestions/ImprovSuggestions/SuggestionItem.swift /Users/eliaswilz/Documents/04-PROGRAMMING/Projects/ImprovSuggestions/ImprovSuggestions/SuggestionQueueManager.swift /Users/eliaswilz/Documents/04-PROGRAMMING/Projects/ImprovSuggestions/ImprovSuggestions/Theme.swift /Users/eliaswilz/Documents/04-PROGRAMMING/Projects/ImprovSuggestions/ImprovSuggestions/WordModeView.swift /Users/eliaswilz/Documents/04-PROGRAMMING/Projects/ImprovSuggestions/ImprovSuggestions/WordModeViewModel.swift /Users/eliaswilz/Library/Developer/Xcode/DerivedData/ImprovSuggestions-arilmhuykqtdvpblnctnlatmeljc/Build/Intermediates.noindex/ImprovSuggestions.build/Debug-iphonesimulator/ImprovSuggestions.build/DerivedSources/GeneratedAssetSymbols.swift -target x86_64-apple-ios18.2-simulator -enable-objc-interop -sdk /Applications/Xcode.app/Contents/Developer/Platforms/iPhoneSimulator.platform/Developer/SDKs/iPhoneSimulator18.2.sdk -I /Users/eliaswilz/Library/Developer/Xcode/DerivedData/ImprovSuggestions-arilmhuykqtdvpblnctnlatmeljc/Build/Products/Debug-iphonesimulator -F /Users/eliaswilz/Library/Developer/Xcode/DerivedData/ImprovSuggestions-arilmhuykqtdvpblnctnlatmeljc/Build/Products/Debug-iphonesimulator -no-color-diagnostics -enable-testing -g -debug-info-format\=dwarf -dwarf-version\=5 -module-cache-path /Users/eliaswilz/Library/Developer/Xcode/DerivedData/ModuleCache.noindex -profile-generate -profile-coverage-mapping -swift-version 5 -enforce-exclusivity\=checked -Onone -D DEBUG -serialize-debugging-options -const-gather-protocols-file /Users/eliaswilz/Library/Developer/Xcode/DerivedData/ImprovSuggestions-arilmhuykqtdvpblnctnlatmeljc/Build/Intermediates.noindex/ImprovSuggestions.build/Debug-iphonesimulator/ImprovSuggestions.build/Objects-normal/x86_64/ImprovSuggestions_const_extract_protocols.json -enable-experimental-feature DebugDescriptionMacro -enable-experimental-feature OpaqueTypeErasure -enable-bare-slash-regex -empty-abi-descriptor -validate-clang-modules-once -clang-build-session-file /Users/eliaswilz/Library/Developer/Xcode/DerivedData/ModuleCache.noindex/Session.modulevalidation -Xcc -working-directory -Xcc /Users/eliaswilz/Documents/04-PROGRAMMING/Projects/ImprovSuggestions -resource-dir /Applications/Xcode.app/Contents/Developer/Toolchains/XcodeDefault.xctoolchain/usr/lib/swift -enable-anonymous-context-mangled-names -file-compilation-dir /Users/eliaswilz/Documents/04-PROGRAMMING/Projects/ImprovSuggestions -Xcc -D_LIBCPP_HARDENING_MODE\=_LIBCPP_HARDENING_MODE_DEBUG -Xcc -ivfsstatcache -Xcc /Users/eliaswilz/Library/Developer/Xcode/DerivedData/SDKStatCaches.noindex/iphonesimulator18.2-22C146-07b28473f605e47e75261259d3ef3b5a.sdkstatcache -Xcc -I/Users/eliaswilz/Library/Developer/Xcode/DerivedData/ImprovSuggestions-arilmhuykqtdvpblnctnlatmeljc/Build/Intermediates.noindex/ImprovSuggestions.build/Debug-iphonesimulator/ImprovSuggestions.build/swift-overrides.hmap -Xcc -iquote -Xcc /Users/eliaswilz/Library/Developer/Xcode/DerivedData/ImprovSuggestions-arilmhuykqtdvpblnctnlatmeljc/Build/Intermediates.noindex/ImprovSuggestions.build/Debug-iphonesimulator/ImprovSuggestions.build/ImprovSuggestions-generated-files.hmap -Xcc -I/Users/eliaswilz/Library/Developer/Xcode/DerivedData/ImprovSuggestions-arilmhuykqtdvpblnctnlatmeljc/Build/Intermediates.noindex/ImprovSuggestions.build/Debug-iphonesimulator/ImprovSuggestions.build/ImprovSuggestions-own-target-headers.hmap -Xcc -I/Users/eliaswilz/Library/Developer/Xcode/DerivedData/ImprovSuggestions-arilmhuykqtdvpblnctnlatmeljc/Build/Intermediates.noindex/ImprovSuggestions.build/Debug-iphonesimulator/ImprovSuggestions.build/ImprovSuggestions-all-target-headers.hmap -Xcc -iquote -Xcc /Users/eliaswilz/Library/Developer/Xcode/DerivedData/ImprovSuggestions-arilmhuykqtdvpblnctnlatmeljc/Build/Intermediates.noindex/ImprovSuggestions.build/Debug-iphonesimulator/ImprovSuggestions.build/ImprovSuggestions-project-headers.hmap -Xcc -I/Users/eliaswilz/Library/Developer/Xcode/DerivedData/ImprovSuggestions-arilmhuykqtdvpblnctnlatmeljc/Build/Products/Debug-iphonesimulator/include -Xcc -I/Users/eliaswilz/Library/Developer/Xcode/DerivedData/ImprovSuggestions-arilmhuykqtdvpblnctnlatmeljc/Build/Intermediates.noindex/ImprovSuggestions.build/Debug-iphonesimulator/ImprovSuggestions.build/DerivedSources-normal/x86_64 -Xcc -I/Users/eliaswilz/Library/Developer/Xcode/DerivedData/ImprovSuggestions-arilmhuykqtdvpblnctnlatmeljc/Build/Intermediates.noindex/ImprovSuggestions.build/Debug-iphonesimulator/ImprovSuggestions.build/DerivedSources/x86_64 -Xcc -I/Users/eliaswilz/Library/Developer/Xcode/DerivedData/ImprovSuggestions-arilmhuykqtdvpblnctnlatmeljc/Build/Intermediates.noindex/ImprovSuggestions.build/Debug-iphonesimulator/ImprovSuggestions.build/DerivedSources -Xcc -DDEBUG\=1 -module-name ImprovSuggestions -frontend-parseable-output -disable-clang-spi -target-sdk-version 18.2 -target-sdk-name iphonesimulator18.2 -external-plugin-path /Applications/Xcode.app/Contents/Developer/Platforms/iPhoneOS.platform/Developer/usr/lib/swift/host/plugins\#/Applications/Xcode.app/Contents/Developer/Platforms/iPhoneOS.platform/Developer/usr/bin/swift-plugin-server -external-plugin-path /Applications/Xcode.app/Contents/Developer/Platforms/iPhoneOS.platform/Developer/usr/local/lib/swift/host/plugins\#/Applications/Xcode.app/Contents/Developer/Platforms/iPhoneOS.platform/Developer/usr/bin/swift-plugin-server -plugin-path /Applications/Xcode.app/Contents/Developer/Toolchains/XcodeDefault.xctoolchain/usr/lib/swift/host/plugins -plugin-path /Applications/Xcode.app/Contents/Developer/Toolchains/XcodeDefault.xctoolchain/usr/local/lib/swift/host/plugins -emit-module-doc-path /Users/eliaswilz/Library/Developer/Xcode/DerivedData/ImprovSuggestions-arilmhuykqtdvpblnctnlatmeljc/Build/Intermediates.noindex/ImprovSuggestions.build/Debug-iphonesimulator/ImprovSuggestions.build/Objects-normal/x86_64/ImprovSuggestions.swiftdoc -emit-module-source-info-path /Users/eliaswilz/Library/Developer/Xcode/DerivedData/ImprovSuggestions-arilmhuykqtdvpblnctnlatmeljc/Build/Intermediates.noindex/ImprovSuggestions.build/Debug-iphonesimulator/ImprovSuggestions.build/Objects-normal/x86_64/ImprovSuggestions.swiftsourceinfo -emit-objc-header-path /Users/eliaswilz/Library/Developer/Xcode/DerivedData/ImprovSuggestions-arilmhuykqtdvpblnctnlatmeljc/Build/Intermediates.noindex/ImprovSuggestions.build/Debug-iphonesimulator/ImprovSuggestions.build/Objects-normal/x86_64/ImprovSuggestions-Swift.h -serialize-diagnostics-path /Users/eliaswilz/Library/Developer/Xcode/DerivedData/ImprovSuggestions-arilmhuykqtdvpblnctnlatmeljc/Build/Intermediates.noindex/ImprovSuggestions.build/Debug-iphonesimulator/ImprovSuggestions.build/Objects-normal/x86_64/ImprovSuggestions-master-emit-module.dia -emit-dependencies-path /Users/eliaswilz/Library/Developer/Xcode/DerivedData/ImprovSuggestions-arilmhuykqtdvpblnctnlatmeljc/Build/Intermediates.noindex/ImprovSuggestions.build/Debug-iphonesimulator/ImprovSuggestions.build/Objects-normal/x86_64/ImprovSuggestions-master-emit-module.d -o /Users/eliaswilz/Library/Developer/Xcode/DerivedData/ImprovSuggestions-arilmhuykqtdvpblnctnlatmeljc/Build/Intermediates.noindex/ImprovSuggestions.build/Debug-iphonesimulator/ImprovSuggestions.build/Objects-normal/x86_64/ImprovSuggestions.swiftmodule -emit-abi-descriptor-path /Users/eliaswilz/Library/Developer/Xcode/DerivedData/ImprovSuggestions-arilmhuykqtdvpblnctnlatmeljc/Build/Intermediates.noindex/ImprovSuggestions.build/Debug-iphonesimulator/ImprovSuggestions.build/Objects-normal/x86_64/ImprovSuggestions.abi.json

SwiftCompile normal arm64 Compiling\ QuestionModeView.swift /Users/eliaswilz/Documents/04-PROGRAMMING/Projects/ImprovSuggestions/ImprovSuggestions/QuestionModeView.swift (in target 'ImprovSuggestions' from project 'ImprovSuggestions')
    cd /Users/eliaswilz/Documents/04-PROGRAMMING/Projects/ImprovSuggestions
    builtin-swiftTaskExecution -- /Applications/Xcode.app/Contents/Developer/Toolchains/XcodeDefault.xctoolchain/usr/bin/swift-frontend -frontend -c /Users/eliaswilz/Documents/04-PROGRAMMING/Projects/ImprovSuggestions/ImprovSuggestions/AddSuggestionView.swift /Users/eliaswilz/Documents/04-PROGRAMMING/Projects/ImprovSuggestions/ImprovSuggestions/ContentView.swift /Users/eliaswilz/Documents/04-PROGRAMMING/Projects/ImprovSuggestions/ImprovSuggestions/DataManager.swift /Users/eliaswilz/Documents/04-PROGRAMMING/Projects/ImprovSuggestions/ImprovSuggestions/FavoritesView.swift /Users/eliaswilz/Documents/04-PROGRAMMING/Projects/ImprovSuggestions/ImprovSuggestions/GameModeView.swift /Users/eliaswilz/Documents/04-PROGRAMMING/Projects/ImprovSuggestions/ImprovSuggestions/GameModeViewModel.swift /Users/eliaswilz/Documents/04-PROGRAMMING/Projects/ImprovSuggestions/ImprovSuggestions/HapticManager.swift /Users/eliaswilz/Documents/04-PROGRAMMING/Projects/ImprovSuggestions/ImprovSuggestions/ImprovSuggestionsApp.swift /Users/eliaswilz/Documents/04-PROGRAMMING/Projects/ImprovSuggestions/ImprovSuggestions/PersistenceAlertManager.swift -primary-file /Users/eliaswilz/Documents/04-PROGRAMMING/Projects/ImprovSuggestions/ImprovSuggestions/QuestionModeView.swift /Users/eliaswilz/Documents/04-PROGRAMMING/Projects/ImprovSuggestions/ImprovSuggestions/QuestionModeViewModel.swift /Users/eliaswilz/Documents/04-PROGRAMMING/Projects/ImprovSuggestions/ImprovSuggestions/SectionHeaderView.swift /Users/eliaswilz/Documents/04-PROGRAMMING/Projects/ImprovSuggestions/ImprovSuggestions/SettingsView.swift /Users/eliaswilz/Documents/04-PROGRAMMING/Projects/ImprovSuggestions/ImprovSuggestions/SuggestionCardView.swift /Users/eliaswilz/Documents/04-PROGRAMMING/Projects/ImprovSuggestions/ImprovSuggestions/SuggestionItem.swift /Users/eliaswilz/Documents/04-PROGRAMMING/Projects/ImprovSuggestions/ImprovSuggestions/SuggestionQueueManager.swift /Users/eliaswilz/Documents/04-PROGRAMMING/Projects/ImprovSuggestions/ImprovSuggestions/Theme.swift /Users/eliaswilz/Documents/04-PROGRAMMING/Projects/ImprovSuggestions/ImprovSuggestions/WordModeView.swift /Users/eliaswilz/Documents/04-PROGRAMMING/Projects/ImprovSuggestions/ImprovSuggestions/WordModeViewModel.swift /Users/eliaswilz/Library/Developer/Xcode/DerivedData/ImprovSuggestions-arilmhuykqtdvpblnctnlatmeljc/Build/Intermediates.noindex/ImprovSuggestions.build/Debug-iphonesimulator/ImprovSuggestions.build/DerivedSources/GeneratedAssetSymbols.swift -emit-dependencies-path /Users/eliaswilz/Library/Developer/Xcode/DerivedData/ImprovSuggestions-arilmhuykqtdvpblnctnlatmeljc/Build/Intermediates.noindex/ImprovSuggestions.build/Debug-iphonesimulator/ImprovSuggestions.build/Objects-normal/arm64/QuestionModeView.d -emit-const-values-path /Users/eliaswilz/Library/Developer/Xcode/DerivedData/ImprovSuggestions-arilmhuykqtdvpblnctnlatmeljc/Build/Intermediates.noindex/ImprovSuggestions.build/Debug-iphonesimulator/ImprovSuggestions.build/Objects-normal/arm64/QuestionModeView.swiftconstvalues -emit-reference-dependencies-path /Users/eliaswilz/Library/Developer/Xcode/DerivedData/ImprovSuggestions-arilmhuykqtdvpblnctnlatmeljc/Build/Intermediates.noindex/ImprovSuggestions.build/Debug-iphonesimulator/ImprovSuggestions.build/Objects-normal/arm64/QuestionModeView.swiftdeps -serialize-diagnostics-path /Users/eliaswilz/Library/Developer/Xcode/DerivedData/ImprovSuggestions-arilmhuykqtdvpblnctnlatmeljc/Build/Intermediates.noindex/ImprovSuggestions.build/Debug-iphonesimulator/ImprovSuggestions.build/Objects-normal/arm64/QuestionModeView.dia -emit-localized-strings -emit-localized-strings-path /Users/eliaswilz/Library/Developer/Xcode/DerivedData/ImprovSuggestions-arilmhuykqtdvpblnctnlatmeljc/Build/Intermediates.noindex/ImprovSuggestions.build/Debug-iphonesimulator/ImprovSuggestions.build/Objects-normal/arm64 -target arm64-apple-ios18.2-simulator -Xllvm -aarch64-use-tbi -enable-objc-interop -sdk /Applications/Xcode.app/Contents/Developer/Platforms/iPhoneSimulator.platform/Developer/SDKs/iPhoneSimulator18.2.sdk -I /Users/eliaswilz/Library/Developer/Xcode/DerivedData/ImprovSuggestions-arilmhuykqtdvpblnctnlatmeljc/Build/Products/Debug-iphonesimulator -F /Users/eliaswilz/Library/Developer/Xcode/DerivedData/ImprovSuggestions-arilmhuykqtdvpblnctnlatmeljc/Build/Products/Debug-iphonesimulator -no-color-diagnostics -enable-testing -g -debug-info-format\=dwarf -dwarf-version\=5 -module-cache-path /Users/eliaswilz/Library/Developer/Xcode/DerivedData/ModuleCache.noindex -profile-generate -profile-coverage-mapping -swift-version 5 -enforce-exclusivity\=checked -Onone -D DEBUG -serialize-debugging-options -const-gather-protocols-file /Users/eliaswilz/Library/Developer/Xcode/DerivedData/ImprovSuggestions-arilmhuykqtdvpblnctnlatmeljc/Build/Intermediates.noindex/ImprovSuggestions.build/Debug-iphonesimulator/ImprovSuggestions.build/Objects-normal/arm64/ImprovSuggestions_const_extract_protocols.json -enable-experimental-feature DebugDescriptionMacro -enable-experimental-feature OpaqueTypeErasure -enable-bare-slash-regex -empty-abi-descriptor -validate-clang-modules-once -clang-build-session-file /Users/eliaswilz/Library/Developer/Xcode/DerivedData/ModuleCache.noindex/Session.modulevalidation -Xcc -working-directory -Xcc /Users/eliaswilz/Documents/04-PROGRAMMING/Projects/ImprovSuggestions -resource-dir /Applications/Xcode.app/Contents/Developer/Toolchains/XcodeDefault.xctoolchain/usr/lib/swift -enable-anonymous-context-mangled-names -file-compilation-dir /Users/eliaswilz/Documents/04-PROGRAMMING/Projects/ImprovSuggestions -Xcc -D_LIBCPP_HARDENING_MODE\=_LIBCPP_HARDENING_MODE_DEBUG -Xcc -ivfsstatcache -Xcc /Users/eliaswilz/Library/Developer/Xcode/DerivedData/SDKStatCaches.noindex/iphonesimulator18.2-22C146-07b28473f605e47e75261259d3ef3b5a.sdkstatcache -Xcc -I/Users/eliaswilz/Library/Developer/Xcode/DerivedData/ImprovSuggestions-arilmhuykqtdvpblnctnlatmeljc/Build/Intermediates.noindex/ImprovSuggestions.build/Debug-iphonesimulator/ImprovSuggestions.build/swift-overrides.hmap -Xcc -iquote -Xcc /Users/eliaswilz/Library/Developer/Xcode/DerivedData/ImprovSuggestions-arilmhuykqtdvpblnctnlatmeljc/Build/Intermediates.noindex/ImprovSuggestions.build/Debug-iphonesimulator/ImprovSuggestions.build/ImprovSuggestions-generated-files.hmap -Xcc -I/Users/eliaswilz/Library/Developer/Xcode/DerivedData/ImprovSuggestions-arilmhuykqtdvpblnctnlatmeljc/Build/Intermediates.noindex/ImprovSuggestions.build/Debug-iphonesimulator/ImprovSuggestions.build/ImprovSuggestions-own-target-headers.hmap -Xcc -I/Users/eliaswilz/Library/Developer/Xcode/DerivedData/ImprovSuggestions-arilmhuykqtdvpblnctnlatmeljc/Build/Intermediates.noindex/ImprovSuggestions.build/Debug-iphonesimulator/ImprovSuggestions.build/ImprovSuggestions-all-target-headers.hmap -Xcc -iquote -Xcc /Users/eliaswilz/Library/Developer/Xcode/DerivedData/ImprovSuggestions-arilmhuykqtdvpblnctnlatmeljc/Build/Intermediates.noindex/ImprovSuggestions.build/Debug-iphonesimulator/ImprovSuggestions.build/ImprovSuggestions-project-headers.hmap -Xcc -I/Users/eliaswilz/Library/Developer/Xcode/DerivedData/ImprovSuggestions-arilmhuykqtdvpblnctnlatmeljc/Build/Products/Debug-iphonesimulator/include -Xcc -I/Users/eliaswilz/Library/Developer/Xcode/DerivedData/ImprovSuggestions-arilmhuykqtdvpblnctnlatmeljc/Build/Intermediates.noindex/ImprovSuggestions.build/Debug-iphonesimulator/ImprovSuggestions.build/DerivedSources-normal/arm64 -Xcc -I/Users/eliaswilz/Library/Developer/Xcode/DerivedData/ImprovSuggestions-arilmhuykqtdvpblnctnlatmeljc/Build/Intermediates.noindex/ImprovSuggestions.build/Debug-iphonesimulator/ImprovSuggestions.build/DerivedSources/arm64 -Xcc -I/Users/eliaswilz/Library/Developer/Xcode/DerivedData/ImprovSuggestions-arilmhuykqtdvpblnctnlatmeljc/Build/Intermediates.noindex/ImprovSuggestions.build/Debug-iphonesimulator/ImprovSuggestions.build/DerivedSources -Xcc -DDEBUG\=1 -module-name ImprovSuggestions -frontend-parseable-output -disable-clang-spi -target-sdk-version 18.2 -target-sdk-name iphonesimulator18.2 -external-plugin-path /Applications/Xcode.app/Contents/Developer/Platforms/iPhoneOS.platform/Developer/usr/lib/swift/host/plugins\#/Applications/Xcode.app/Contents/Developer/Platforms/iPhoneOS.platform/Developer/usr/bin/swift-plugin-server -external-plugin-path /Applications/Xcode.app/Contents/Developer/Platforms/iPhoneOS.platform/Developer/usr/local/lib/swift/host/plugins\#/Applications/Xcode.app/Contents/Developer/Platforms/iPhoneOS.platform/Developer/usr/bin/swift-plugin-server -plugin-path /Applications/Xcode.app/Contents/Developer/Toolchains/XcodeDefault.xctoolchain/usr/lib/swift/host/plugins -plugin-path /Applications/Xcode.app/Contents/Developer/Toolchains/XcodeDefault.xctoolchain/usr/local/lib/swift/host/plugins -o /Users/eliaswilz/Library/Developer/Xcode/DerivedData/ImprovSuggestions-arilmhuykqtdvpblnctnlatmeljc/Build/Intermediates.noindex/ImprovSuggestions.build/Debug-iphonesimulator/ImprovSuggestions.build/Objects-normal/arm64/QuestionModeView.o -index-unit-output-path /ImprovSuggestions.build/Debug-iphonesimulator/ImprovSuggestions.build/Objects-normal/arm64/QuestionModeView.o -index-store-path /Users/eliaswilz/Library/Developer/Xcode/DerivedData/ImprovSuggestions-arilmhuykqtdvpblnctnlatmeljc/Index.noindex/DataStore -index-system-modules

SwiftCompile normal arm64 /Users/eliaswilz/Documents/04-PROGRAMMING/Projects/ImprovSuggestions/ImprovSuggestions/QuestionModeView.swift (in target 'ImprovSuggestions' from project 'ImprovSuggestions')
    cd /Users/eliaswilz/Documents/04-PROGRAMMING/Projects/ImprovSuggestions
    /Applications/Xcode.app/Contents/Developer/Toolchains/XcodeDefault.xctoolchain/usr/bin/swift-frontend -c /Users/eliaswilz/Documents/04-PROGRAMMING/Projects/ImprovSuggestions/ImprovSuggestions/AddSuggestionView.swift /Users/eliaswilz/Documents/04-PROGRAMMING/Projects/ImprovSuggestions/ImprovSuggestions/ContentView.swift /Users/eliaswilz/Documents/04-PROGRAMMING/Projects/ImprovSuggestions/ImprovSuggestions/DataManager.swift /Users/eliaswilz/Documents/04-PROGRAMMING/Projects/ImprovSuggestions/ImprovSuggestions/FavoritesView.swift /Users/eliaswilz/Documents/04-PROGRAMMING/Projects/ImprovSuggestions/ImprovSuggestions/GameModeView.swift /Users/eliaswilz/Documents/04-PROGRAMMING/Projects/ImprovSuggestions/ImprovSuggestions/GameModeViewModel.swift /Users/eliaswilz/Documents/04-PROGRAMMING/Projects/ImprovSuggestions/ImprovSuggestions/HapticManager.swift /Users/eliaswilz/Documents/04-PROGRAMMING/Projects/ImprovSuggestions/ImprovSuggestions/ImprovSuggestionsApp.swift /Users/eliaswilz/Documents/04-PROGRAMMING/Projects/ImprovSuggestions/ImprovSuggestions/PersistenceAlertManager.swift -primary-file /Users/eliaswilz/Documents/04-PROGRAMMING/Projects/ImprovSuggestions/ImprovSuggestions/QuestionModeView.swift /Users/eliaswilz/Documents/04-PROGRAMMING/Projects/ImprovSuggestions/ImprovSuggestions/QuestionModeViewModel.swift /Users/eliaswilz/Documents/04-PROGRAMMING/Projects/ImprovSuggestions/ImprovSuggestions/SectionHeaderView.swift /Users/eliaswilz/Documents/04-PROGRAMMING/Projects/ImprovSuggestions/ImprovSuggestions/SettingsView.swift /Users/eliaswilz/Documents/04-PROGRAMMING/Projects/ImprovSuggestions/ImprovSuggestions/SuggestionCardView.swift /Users/eliaswilz/Documents/04-PROGRAMMING/Projects/ImprovSuggestions/ImprovSuggestions/SuggestionItem.swift /Users/eliaswilz/Documents/04-PROGRAMMING/Projects/ImprovSuggestions/ImprovSuggestions/SuggestionQueueManager.swift /Users/eliaswilz/Documents/04-PROGRAMMING/Projects/ImprovSuggestions/ImprovSuggestions/Theme.swift /Users/eliaswilz/Documents/04-PROGRAMMING/Projects/ImprovSuggestions/ImprovSuggestions/WordModeView.swift /Users/eliaswilz/Documents/04-PROGRAMMING/Projects/ImprovSuggestions/ImprovSuggestions/WordModeViewModel.swift /Users/eliaswilz/Library/Developer/Xcode/DerivedData/ImprovSuggestions-arilmhuykqtdvpblnctnlatmeljc/Build/Intermediates.noindex/ImprovSuggestions.build/Debug-iphonesimulator/ImprovSuggestions.build/DerivedSources/GeneratedAssetSymbols.swift -emit-dependencies-path /Users/eliaswilz/Library/Developer/Xcode/DerivedData/ImprovSuggestions-arilmhuykqtdvpblnctnlatmeljc/Build/Intermediates.noindex/ImprovSuggestions.build/Debug-iphonesimulator/ImprovSuggestions.build/Objects-normal/arm64/QuestionModeView.d -emit-const-values-path /Users/eliaswilz/Library/Developer/Xcode/DerivedData/ImprovSuggestions-arilmhuykqtdvpblnctnlatmeljc/Build/Intermediates.noindex/ImprovSuggestions.build/Debug-iphonesimulator/ImprovSuggestions.build/Objects-normal/arm64/QuestionModeView.swiftconstvalues -emit-reference-dependencies-path /Users/eliaswilz/Library/Developer/Xcode/DerivedData/ImprovSuggestions-arilmhuykqtdvpblnctnlatmeljc/Build/Intermediates.noindex/ImprovSuggestions.build/Debug-iphonesimulator/ImprovSuggestions.build/Objects-normal/arm64/QuestionModeView.swiftdeps -serialize-diagnostics-path /Users/eliaswilz/Library/Developer/Xcode/DerivedData/ImprovSuggestions-arilmhuykqtdvpblnctnlatmeljc/Build/Intermediates.noindex/ImprovSuggestions.build/Debug-iphonesimulator/ImprovSuggestions.build/Objects-normal/arm64/QuestionModeView.dia -emit-localized-strings -emit-localized-strings-path /Users/eliaswilz/Library/Developer/Xcode/DerivedData/ImprovSuggestions-arilmhuykqtdvpblnctnlatmeljc/Build/Intermediates.noindex/ImprovSuggestions.build/Debug-iphonesimulator/ImprovSuggestions.build/Objects-normal/arm64 -target arm64-apple-ios18.2-simulator -Xllvm -aarch64-use-tbi -enable-objc-interop -sdk /Applications/Xcode.app/Contents/Developer/Platforms/iPhoneSimulator.platform/Developer/SDKs/iPhoneSimulator18.2.sdk -I /Users/eliaswilz/Library/Developer/Xcode/DerivedData/ImprovSuggestions-arilmhuykqtdvpblnctnlatmeljc/Build/Products/Debug-iphonesimulator -F /Users/eliaswilz/Library/Developer/Xcode/DerivedData/ImprovSuggestions-arilmhuykqtdvpblnctnlatmeljc/Build/Products/Debug-iphonesimulator -no-color-diagnostics -enable-testing -g -debug-info-format\=dwarf -dwarf-version\=5 -module-cache-path /Users/eliaswilz/Library/Developer/Xcode/DerivedData/ModuleCache.noindex -profile-generate -profile-coverage-mapping -swift-version 5 -enforce-exclusivity\=checked -Onone -D DEBUG -serialize-debugging-options -const-gather-protocols-file /Users/eliaswilz/Library/Developer/Xcode/DerivedData/ImprovSuggestions-arilmhuykqtdvpblnctnlatmeljc/Build/Intermediates.noindex/ImprovSuggestions.build/Debug-iphonesimulator/ImprovSuggestions.build/Objects-normal/arm64/ImprovSuggestions_const_extract_protocols.json -enable-experimental-feature DebugDescriptionMacro -enable-experimental-feature OpaqueTypeErasure -enable-bare-slash-regex -empty-abi-descriptor -validate-clang-modules-once -clang-build-session-file /Users/eliaswilz/Library/Developer/Xcode/DerivedData/ModuleCache.noindex/Session.modulevalidation -Xcc -working-directory -Xcc /Users/eliaswilz/Documents/04-PROGRAMMING/Projects/ImprovSuggestions -resource-dir /Applications/Xcode.app/Contents/Developer/Toolchains/XcodeDefault.xctoolchain/usr/lib/swift -enable-anonymous-context-mangled-names -file-compilation-dir /Users/eliaswilz/Documents/04-PROGRAMMING/Projects/ImprovSuggestions -Xcc -D_LIBCPP_HARDENING_MODE\=_LIBCPP_HARDENING_MODE_DEBUG -Xcc -ivfsstatcache -Xcc /Users/eliaswilz/Library/Developer/Xcode/DerivedData/SDKStatCaches.noindex/iphonesimulator18.2-22C146-07b28473f605e47e75261259d3ef3b5a.sdkstatcache -Xcc -I/Users/eliaswilz/Library/Developer/Xcode/DerivedData/ImprovSuggestions-arilmhuykqtdvpblnctnlatmeljc/Build/Intermediates.noindex/ImprovSuggestions.build/Debug-iphonesimulator/ImprovSuggestions.build/swift-overrides.hmap -Xcc -iquote -Xcc /Users/eliaswilz/Library/Developer/Xcode/DerivedData/ImprovSuggestions-arilmhuykqtdvpblnctnlatmeljc/Build/Intermediates.noindex/ImprovSuggestions.build/Debug-iphonesimulator/ImprovSuggestions.build/ImprovSuggestions-generated-files.hmap -Xcc -I/Users/eliaswilz/Library/Developer/Xcode/DerivedData/ImprovSuggestions-arilmhuykqtdvpblnctnlatmeljc/Build/Intermediates.noindex/ImprovSuggestions.build/Debug-iphonesimulator/ImprovSuggestions.build/ImprovSuggestions-own-target-headers.hmap -Xcc -I/Users/eliaswilz/Library/Developer/Xcode/DerivedData/ImprovSuggestions-arilmhuykqtdvpblnctnlatmeljc/Build/Intermediates.noindex/ImprovSuggestions.build/Debug-iphonesimulator/ImprovSuggestions.build/ImprovSuggestions-all-target-headers.hmap -Xcc -iquote -Xcc /Users/eliaswilz/Library/Developer/Xcode/DerivedData/ImprovSuggestions-arilmhuykqtdvpblnctnlatmeljc/Build/Intermediates.noindex/ImprovSuggestions.build/Debug-iphonesimulator/ImprovSuggestions.build/ImprovSuggestions-project-headers.hmap -Xcc -I/Users/eliaswilz/Library/Developer/Xcode/DerivedData/ImprovSuggestions-arilmhuykqtdvpblnctnlatmeljc/Build/Products/Debug-iphonesimulator/include -Xcc -I/Users/eliaswilz/Library/Developer/Xcode/DerivedData/ImprovSuggestions-arilmhuykqtdvpblnctnlatmeljc/Build/Intermediates.noindex/ImprovSuggestions.build/Debug-iphonesimulator/ImprovSuggestions.build/DerivedSources-normal/arm64 -Xcc -I/Users/eliaswilz/Library/Developer/Xcode/DerivedData/ImprovSuggestions-arilmhuykqtdvpblnctnlatmeljc/Build/Intermediates.noindex/ImprovSuggestions.build/Debug-iphonesimulator/ImprovSuggestions.build/DerivedSources/arm64 -Xcc -I/Users/eliaswilz/Library/Developer/Xcode/DerivedData/ImprovSuggestions-arilmhuykqtdvpblnctnlatmeljc/Build/Intermediates.noindex/ImprovSuggestions.build/Debug-iphonesimulator/ImprovSuggestions.build/DerivedSources -Xcc -DDEBUG\=1 -module-name ImprovSuggestions -frontend-parseable-output -disable-clang-spi -target-sdk-version 18.2 -target-sdk-name iphonesimulator18.2 -external-plugin-path /Applications/Xcode.app/Contents/Developer/Platforms/iPhoneOS.platform/Developer/usr/lib/swift/host/plugins\#/Applications/Xcode.app/Contents/Developer/Platforms/iPhoneOS.platform/Developer/usr/bin/swift-plugin-server -external-plugin-path /Applications/Xcode.app/Contents/Developer/Platforms/iPhoneOS.platform/Developer/usr/local/lib/swift/host/plugins\#/Applications/Xcode.app/Contents/Developer/Platforms/iPhoneOS.platform/Developer/usr/bin/swift-plugin-server -plugin-path /Applications/Xcode.app/Contents/Developer/Toolchains/XcodeDefault.xctoolchain/usr/lib/swift/host/plugins -plugin-path /Applications/Xcode.app/Contents/Developer/Toolchains/XcodeDefault.xctoolchain/usr/local/lib/swift/host/plugins -o /Users/eliaswilz/Library/Developer/Xcode/DerivedData/ImprovSuggestions-arilmhuykqtdvpblnctnlatmeljc/Build/Intermediates.noindex/ImprovSuggestions.build/Debug-iphonesimulator/ImprovSuggestions.build/Objects-normal/arm64/QuestionModeView.o -index-unit-output-path /ImprovSuggestions.build/Debug-iphonesimulator/ImprovSuggestions.build/Objects-normal/arm64/QuestionModeView.o -index-store-path /Users/eliaswilz/Library/Developer/Xcode/DerivedData/ImprovSuggestions-arilmhuykqtdvpblnctnlatmeljc/Index.noindex/DataStore -index-system-modules
@__swiftmacro_17ImprovSuggestions0027QuestionModeViewswift_ovFAhfMX6_19_5QueryfMp_9PredicatefMf0_.swift:9:24: error: key path cannot refer to enum case 'question'
            keyPath: \.question
                       ^
@__swiftmacro_17ImprovSuggestions16QuestionModeViewV11suggestions33_4BC9DF104F927110119A70C23DDCD0A9LL5QueryfMp_.swift:1:108: note: in expansion of macro 'Predicate' here
private(set) var _suggestions: SwiftData.Query<[SuggestionItem].Element, [SuggestionItem]> = .init(filter: #Predicate<SuggestionItem> { suggestion in
                                                                                                           ^~~~~~~~~~~~~~~~~~~~~~~~~~~~~~~~~~~~~~~~~~
/Users/eliaswilz/Documents/04-PROGRAMMING/Projects/ImprovSuggestions/ImprovSuggestions/QuestionModeView.swift:5:5: note: in expansion of macro 'Query' on property 'suggestions' here
    @Query(filter: #Predicate<SuggestionItem> { suggestion in
    ^
@__swiftmacro_17ImprovSuggestions16QuestionModeViewV11suggestions33_4BC9DF104F927110119A70C23DDCD0A9LL5QueryfMp_.swift:1:108: note: in expansion of macro 'Predicate' here
private(set) var _suggestions: SwiftData.Query<[SuggestionItem].Element, [SuggestionItem]> = .init(filter: #Predicate<SuggestionItem> { suggestion in
                                                                                                           ^~~~~~~~~~~~~~~~~~~~~~~~~~~~~~~~~~~~~~~~~~
/Users/eliaswilz/Documents/04-PROGRAMMING/Projects/ImprovSuggestions/ImprovSuggestions/QuestionModeView.swift:5:5: note: in expansion of macro 'Query' on property 'suggestions' here
    @Query(filter: #Predicate<SuggestionItem> { suggestion in
    ^
@__swiftmacro_17ImprovSuggestions0027QuestionModeViewswift_ovFAhfMX6_19_5QueryfMp_9PredicatefMf0_.swift:9:22: error: cannot convert value of type 'KeyPath<Category.Type, Category>' to expected argument type 'KeyPath<PredicateExpressions.Value<Category.Type>.Output, Category?>'
            keyPath: \.question
                     ^
@__swiftmacro_17ImprovSuggestions16QuestionModeViewV11suggestions33_4BC9DF104F927110119A70C23DDCD0A9LL5QueryfMp_.swift:1:108: note: in expansion of macro 'Predicate' here
private(set) var _suggestions: SwiftData.Query<[SuggestionItem].Element, [SuggestionItem]> = .init(filter: #Predicate<SuggestionItem> { suggestion in
                                                                                                           ^~~~~~~~~~~~~~~~~~~~~~~~~~~~~~~~~~~~~~~~~~
/Users/eliaswilz/Documents/04-PROGRAMMING/Projects/ImprovSuggestions/ImprovSuggestions/QuestionModeView.swift:5:5: note: in expansion of macro 'Query' on property 'suggestions' here
    @Query(filter: #Predicate<SuggestionItem> { suggestion in
    ^
@__swiftmacro_17ImprovSuggestions16QuestionModeViewV11suggestions33_4BC9DF104F927110119A70C23DDCD0A9LL5QueryfMp_.swift:1:108: note: in expansion of macro 'Predicate' here
private(set) var _suggestions: SwiftData.Query<[SuggestionItem].Element, [SuggestionItem]> = .init(filter: #Predicate<SuggestionItem> { suggestion in
                                                                                                           ^~~~~~~~~~~~~~~~~~~~~~~~~~~~~~~~~~~~~~~~~~
/Users/eliaswilz/Documents/04-PROGRAMMING/Projects/ImprovSuggestions/ImprovSuggestions/QuestionModeView.swift:5:5: note: in expansion of macro 'Query' on property 'suggestions' here
    @Query(filter: #Predicate<SuggestionItem> { suggestion in
    ^
@__swiftmacro_17ImprovSuggestions0027QuestionModeViewswift_ovFAhfMX6_19_5QueryfMp_9PredicatefMf0_.swift:9:22: note: arguments to generic parameter 'Value' ('Category' and 'Category?') are expected to be equal
            keyPath: \.question
                     ^
@__swiftmacro_17ImprovSuggestions16QuestionModeViewV11suggestions33_4BC9DF104F927110119A70C23DDCD0A9LL5QueryfMp_.swift:1:108: note: in expansion of macro 'Predicate' here
private(set) var _suggestions: SwiftData.Query<[SuggestionItem].Element, [SuggestionItem]> = .init(filter: #Predicate<SuggestionItem> { suggestion in
                                                                                                           ^~~~~~~~~~~~~~~~~~~~~~~~~~~~~~~~~~~~~~~~~~
/Users/eliaswilz/Documents/04-PROGRAMMING/Projects/ImprovSuggestions/ImprovSuggestions/QuestionModeView.swift:5:5: note: in expansion of macro 'Query' on property 'suggestions' here
    @Query(filter: #Predicate<SuggestionItem> { suggestion in
    ^
@__swiftmacro_17ImprovSuggestions16QuestionModeViewV11suggestions33_4BC9DF104F927110119A70C23DDCD0A9LL5QueryfMp_.swift:1:108: note: in expansion of macro 'Predicate' here
private(set) var _suggestions: SwiftData.Query<[SuggestionItem].Element, [SuggestionItem]> = .init(filter: #Predicate<SuggestionItem> { suggestion in
                                                                                                           ^~~~~~~~~~~~~~~~~~~~~~~~~~~~~~~~~~~~~~~~~~
/Users/eliaswilz/Documents/04-PROGRAMMING/Projects/ImprovSuggestions/ImprovSuggestions/QuestionModeView.swift:5:5: note: in expansion of macro 'Query' on property 'suggestions' here
    @Query(filter: #Predicate<SuggestionItem> { suggestion in
    ^

SwiftCompile normal x86_64 Compiling\ GameModeView.swift /Users/eliaswilz/Documents/04-PROGRAMMING/Projects/ImprovSuggestions/ImprovSuggestions/GameModeView.swift (in target 'ImprovSuggestions' from project 'ImprovSuggestions')
    cd /Users/eliaswilz/Documents/04-PROGRAMMING/Projects/ImprovSuggestions
    builtin-swiftTaskExecution -- /Applications/Xcode.app/Contents/Developer/Toolchains/XcodeDefault.xctoolchain/usr/bin/swift-frontend -frontend -c /Users/eliaswilz/Documents/04-PROGRAMMING/Projects/ImprovSuggestions/ImprovSuggestions/AddSuggestionView.swift /Users/eliaswilz/Documents/04-PROGRAMMING/Projects/ImprovSuggestions/ImprovSuggestions/ContentView.swift /Users/eliaswilz/Documents/04-PROGRAMMING/Projects/ImprovSuggestions/ImprovSuggestions/DataManager.swift /Users/eliaswilz/Documents/04-PROGRAMMING/Projects/ImprovSuggestions/ImprovSuggestions/FavoritesView.swift -primary-file /Users/eliaswilz/Documents/04-PROGRAMMING/Projects/ImprovSuggestions/ImprovSuggestions/GameModeView.swift /Users/eliaswilz/Documents/04-PROGRAMMING/Projects/ImprovSuggestions/ImprovSuggestions/GameModeViewModel.swift /Users/eliaswilz/Documents/04-PROGRAMMING/Projects/ImprovSuggestions/ImprovSuggestions/HapticManager.swift /Users/eliaswilz/Documents/04-PROGRAMMING/Projects/ImprovSuggestions/ImprovSuggestions/ImprovSuggestionsApp.swift /Users/eliaswilz/Documents/04-PROGRAMMING/Projects/ImprovSuggestions/ImprovSuggestions/PersistenceAlertManager.swift /Users/eliaswilz/Documents/04-PROGRAMMING/Projects/ImprovSuggestions/ImprovSuggestions/QuestionModeView.swift /Users/eliaswilz/Documents/04-PROGRAMMING/Projects/ImprovSuggestions/ImprovSuggestions/QuestionModeViewModel.swift /Users/eliaswilz/Documents/04-PROGRAMMING/Projects/ImprovSuggestions/ImprovSuggestions/SectionHeaderView.swift /Users/eliaswilz/Documents/04-PROGRAMMING/Projects/ImprovSuggestions/ImprovSuggestions/SettingsView.swift /Users/eliaswilz/Documents/04-PROGRAMMING/Projects/ImprovSuggestions/ImprovSuggestions/SuggestionCardView.swift /Users/eliaswilz/Documents/04-PROGRAMMING/Projects/ImprovSuggestions/ImprovSuggestions/SuggestionItem.swift /Users/eliaswilz/Documents/04-PROGRAMMING/Projects/ImprovSuggestions/ImprovSuggestions/SuggestionQueueManager.swift /Users/eliaswilz/Documents/04-PROGRAMMING/Projects/ImprovSuggestions/ImprovSuggestions/Theme.swift /Users/eliaswilz/Documents/04-PROGRAMMING/Projects/ImprovSuggestions/ImprovSuggestions/WordModeView.swift /Users/eliaswilz/Documents/04-PROGRAMMING/Projects/ImprovSuggestions/ImprovSuggestions/WordModeViewModel.swift /Users/eliaswilz/Library/Developer/Xcode/DerivedData/ImprovSuggestions-arilmhuykqtdvpblnctnlatmeljc/Build/Intermediates.noindex/ImprovSuggestions.build/Debug-iphonesimulator/ImprovSuggestions.build/DerivedSources/GeneratedAssetSymbols.swift -emit-dependencies-path /Users/eliaswilz/Library/Developer/Xcode/DerivedData/ImprovSuggestions-arilmhuykqtdvpblnctnlatmeljc/Build/Intermediates.noindex/ImprovSuggestions.build/Debug-iphonesimulator/ImprovSuggestions.build/Objects-normal/x86_64/GameModeView.d -emit-const-values-path /Users/eliaswilz/Library/Developer/Xcode/DerivedData/ImprovSuggestions-arilmhuykqtdvpblnctnlatmeljc/Build/Intermediates.noindex/ImprovSuggestions.build/Debug-iphonesimulator/ImprovSuggestions.build/Objects-normal/x86_64/GameModeView.swiftconstvalues -emit-reference-dependencies-path /Users/eliaswilz/Library/Developer/Xcode/DerivedData/ImprovSuggestions-arilmhuykqtdvpblnctnlatmeljc/Build/Intermediates.noindex/ImprovSuggestions.build/Debug-iphonesimulator/ImprovSuggestions.build/Objects-normal/x86_64/GameModeView.swiftdeps -serialize-diagnostics-path /Users/eliaswilz/Library/Developer/Xcode/DerivedData/ImprovSuggestions-arilmhuykqtdvpblnctnlatmeljc/Build/Intermediates.noindex/ImprovSuggestions.build/Debug-iphonesimulator/ImprovSuggestions.build/Objects-normal/x86_64/GameModeView.dia -emit-localized-strings -emit-localized-strings-path /Users/eliaswilz/Library/Developer/Xcode/DerivedData/ImprovSuggestions-arilmhuykqtdvpblnctnlatmeljc/Build/Intermediates.noindex/ImprovSuggestions.build/Debug-iphonesimulator/ImprovSuggestions.build/Objects-normal/x86_64 -target x86_64-apple-ios18.2-simulator -enable-objc-interop -sdk /Applications/Xcode.app/Contents/Developer/Platforms/iPhoneSimulator.platform/Developer/SDKs/iPhoneSimulator18.2.sdk -I /Users/eliaswilz/Library/Developer/Xcode/DerivedData/ImprovSuggestions-arilmhuykqtdvpblnctnlatmeljc/Build/Products/Debug-iphonesimulator -F /Users/eliaswilz/Library/Developer/Xcode/DerivedData/ImprovSuggestions-arilmhuykqtdvpblnctnlatmeljc/Build/Products/Debug-iphonesimulator -no-color-diagnostics -enable-testing -g -debug-info-format\=dwarf -dwarf-version\=5 -module-cache-path /Users/eliaswilz/Library/Developer/Xcode/DerivedData/ModuleCache.noindex -profile-generate -profile-coverage-mapping -swift-version 5 -enforce-exclusivity\=checked -Onone -D DEBUG -serialize-debugging-options -const-gather-protocols-file /Users/eliaswilz/Library/Developer/Xcode/DerivedData/ImprovSuggestions-arilmhuykqtdvpblnctnlatmeljc/Build/Intermediates.noindex/ImprovSuggestions.build/Debug-iphonesimulator/ImprovSuggestions.build/Objects-normal/x86_64/ImprovSuggestions_const_extract_protocols.json -enable-experimental-feature DebugDescriptionMacro -enable-experimental-feature OpaqueTypeErasure -enable-bare-slash-regex -empty-abi-descriptor -validate-clang-modules-once -clang-build-session-file /Users/eliaswilz/Library/Developer/Xcode/DerivedData/ModuleCache.noindex/Session.modulevalidation -Xcc -working-directory -Xcc /Users/eliaswilz/Documents/04-PROGRAMMING/Projects/ImprovSuggestions -resource-dir /Applications/Xcode.app/Contents/Developer/Toolchains/XcodeDefault.xctoolchain/usr/lib/swift -enable-anonymous-context-mangled-names -file-compilation-dir /Users/eliaswilz/Documents/04-PROGRAMMING/Projects/ImprovSuggestions -Xcc -D_LIBCPP_HARDENING_MODE\=_LIBCPP_HARDENING_MODE_DEBUG -Xcc -ivfsstatcache -Xcc /Users/eliaswilz/Library/Developer/Xcode/DerivedData/SDKStatCaches.noindex/iphonesimulator18.2-22C146-07b28473f605e47e75261259d3ef3b5a.sdkstatcache -Xcc -I/Users/eliaswilz/Library/Developer/Xcode/DerivedData/ImprovSuggestions-arilmhuykqtdvpblnctnlatmeljc/Build/Intermediates.noindex/ImprovSuggestions.build/Debug-iphonesimulator/ImprovSuggestions.build/swift-overrides.hmap -Xcc -iquote -Xcc /Users/eliaswilz/Library/Developer/Xcode/DerivedData/ImprovSuggestions-arilmhuykqtdvpblnctnlatmeljc/Build/Intermediates.noindex/ImprovSuggestions.build/Debug-iphonesimulator/ImprovSuggestions.build/ImprovSuggestions-generated-files.hmap -Xcc -I/Users/eliaswilz/Library/Developer/Xcode/DerivedData/ImprovSuggestions-arilmhuykqtdvpblnctnlatmeljc/Build/Intermediates.noindex/ImprovSuggestions.build/Debug-iphonesimulator/ImprovSuggestions.build/ImprovSuggestions-own-target-headers.hmap -Xcc -I/Users/eliaswilz/Library/Developer/Xcode/DerivedData/ImprovSuggestions-arilmhuykqtdvpblnctnlatmeljc/Build/Intermediates.noindex/ImprovSuggestions.build/Debug-iphonesimulator/ImprovSuggestions.build/ImprovSuggestions-all-target-headers.hmap -Xcc -iquote -Xcc /Users/eliaswilz/Library/Developer/Xcode/DerivedData/ImprovSuggestions-arilmhuykqtdvpblnctnlatmeljc/Build/Intermediates.noindex/ImprovSuggestions.build/Debug-iphonesimulator/ImprovSuggestions.build/ImprovSuggestions-project-headers.hmap -Xcc -I/Users/eliaswilz/Library/Developer/Xcode/DerivedData/ImprovSuggestions-arilmhuykqtdvpblnctnlatmeljc/Build/Products/Debug-iphonesimulator/include -Xcc -I/Users/eliaswilz/Library/Developer/Xcode/DerivedData/ImprovSuggestions-arilmhuykqtdvpblnctnlatmeljc/Build/Intermediates.noindex/ImprovSuggestions.build/Debug-iphonesimulator/ImprovSuggestions.build/DerivedSources-normal/x86_64 -Xcc -I/Users/eliaswilz/Library/Developer/Xcode/DerivedData/ImprovSuggestions-arilmhuykqtdvpblnctnlatmeljc/Build/Intermediates.noindex/ImprovSuggestions.build/Debug-iphonesimulator/ImprovSuggestions.build/DerivedSources/x86_64 -Xcc -I/Users/eliaswilz/Library/Developer/Xcode/DerivedData/ImprovSuggestions-arilmhuykqtdvpblnctnlatmeljc/Build/Intermediates.noindex/ImprovSuggestions.build/Debug-iphonesimulator/ImprovSuggestions.build/DerivedSources -Xcc -DDEBUG\=1 -module-name ImprovSuggestions -frontend-parseable-output -disable-clang-spi -target-sdk-version 18.2 -target-sdk-name iphonesimulator18.2 -external-plugin-path /Applications/Xcode.app/Contents/Developer/Platforms/iPhoneOS.platform/Developer/usr/lib/swift/host/plugins\#/Applications/Xcode.app/Contents/Developer/Platforms/iPhoneOS.platform/Developer/usr/bin/swift-plugin-server -external-plugin-path /Applications/Xcode.app/Contents/Developer/Platforms/iPhoneOS.platform/Developer/usr/local/lib/swift/host/plugins\#/Applications/Xcode.app/Contents/Developer/Platforms/iPhoneOS.platform/Developer/usr/bin/swift-plugin-server -plugin-path /Applications/Xcode.app/Contents/Developer/Toolchains/XcodeDefault.xctoolchain/usr/lib/swift/host/plugins -plugin-path /Applications/Xcode.app/Contents/Developer/Toolchains/XcodeDefault.xctoolchain/usr/local/lib/swift/host/plugins -o /Users/eliaswilz/Library/Developer/Xcode/DerivedData/ImprovSuggestions-arilmhuykqtdvpblnctnlatmeljc/Build/Intermediates.noindex/ImprovSuggestions.build/Debug-iphonesimulator/ImprovSuggestions.build/Objects-normal/x86_64/GameModeView.o -index-unit-output-path /ImprovSuggestions.build/Debug-iphonesimulator/ImprovSuggestions.build/Objects-normal/x86_64/GameModeView.o -index-store-path /Users/eliaswilz/Library/Developer/Xcode/DerivedData/ImprovSuggestions-arilmhuykqtdvpblnctnlatmeljc/Index.noindex/DataStore -index-system-modules
SwiftCompile normal x86_64 /Users/eliaswilz/Documents/04-PROGRAMMING/Projects/ImprovSuggestions/ImprovSuggestions/GameModeView.swift (in target 'ImprovSuggestions' from project 'ImprovSuggestions')
    cd /Users/eliaswilz/Documents/04-PROGRAMMING/Projects/ImprovSuggestions
    /Applications/Xcode.app/Contents/Developer/Toolchains/XcodeDefault.xctoolchain/usr/bin/swift-frontend -c /Users/eliaswilz/Documents/04-PROGRAMMING/Projects/ImprovSuggestions/ImprovSuggestions/AddSuggestionView.swift /Users/eliaswilz/Documents/04-PROGRAMMING/Projects/ImprovSuggestions/ImprovSuggestions/ContentView.swift /Users/eliaswilz/Documents/04-PROGRAMMING/Projects/ImprovSuggestions/ImprovSuggestions/DataManager.swift /Users/eliaswilz/Documents/04-PROGRAMMING/Projects/ImprovSuggestions/ImprovSuggestions/FavoritesView.swift -primary-file /Users/eliaswilz/Documents/04-PROGRAMMING/Projects/ImprovSuggestions/ImprovSuggestions/GameModeView.swift /Users/eliaswilz/Documents/04-PROGRAMMING/Projects/ImprovSuggestions/ImprovSuggestions/GameModeViewModel.swift /Users/eliaswilz/Documents/04-PROGRAMMING/Projects/ImprovSuggestions/ImprovSuggestions/HapticManager.swift /Users/eliaswilz/Documents/04-PROGRAMMING/Projects/ImprovSuggestions/ImprovSuggestions/ImprovSuggestionsApp.swift /Users/eliaswilz/Documents/04-PROGRAMMING/Projects/ImprovSuggestions/ImprovSuggestions/PersistenceAlertManager.swift /Users/eliaswilz/Documents/04-PROGRAMMING/Projects/ImprovSuggestions/ImprovSuggestions/QuestionModeView.swift /Users/eliaswilz/Documents/04-PROGRAMMING/Projects/ImprovSuggestions/ImprovSuggestions/QuestionModeViewModel.swift /Users/eliaswilz/Documents/04-PROGRAMMING/Projects/ImprovSuggestions/ImprovSuggestions/SectionHeaderView.swift /Users/eliaswilz/Documents/04-PROGRAMMING/Projects/ImprovSuggestions/ImprovSuggestions/SettingsView.swift /Users/eliaswilz/Documents/04-PROGRAMMING/Projects/ImprovSuggestions/ImprovSuggestions/SuggestionCardView.swift /Users/eliaswilz/Documents/04-PROGRAMMING/Projects/ImprovSuggestions/ImprovSuggestions/SuggestionItem.swift /Users/eliaswilz/Documents/04-PROGRAMMING/Projects/ImprovSuggestions/ImprovSuggestions/SuggestionQueueManager.swift /Users/eliaswilz/Documents/04-PROGRAMMING/Projects/ImprovSuggestions/ImprovSuggestions/Theme.swift /Users/eliaswilz/Documents/04-PROGRAMMING/Projects/ImprovSuggestions/ImprovSuggestions/WordModeView.swift /Users/eliaswilz/Documents/04-PROGRAMMING/Projects/ImprovSuggestions/ImprovSuggestions/WordModeViewModel.swift /Users/eliaswilz/Library/Developer/Xcode/DerivedData/ImprovSuggestions-arilmhuykqtdvpblnctnlatmeljc/Build/Intermediates.noindex/ImprovSuggestions.build/Debug-iphonesimulator/ImprovSuggestions.build/DerivedSources/GeneratedAssetSymbols.swift -emit-dependencies-path /Users/eliaswilz/Library/Developer/Xcode/DerivedData/ImprovSuggestions-arilmhuykqtdvpblnctnlatmeljc/Build/Intermediates.noindex/ImprovSuggestions.build/Debug-iphonesimulator/ImprovSuggestions.build/Objects-normal/x86_64/GameModeView.d -emit-const-values-path /Users/eliaswilz/Library/Developer/Xcode/DerivedData/ImprovSuggestions-arilmhuykqtdvpblnctnlatmeljc/Build/Intermediates.noindex/ImprovSuggestions.build/Debug-iphonesimulator/ImprovSuggestions.build/Objects-normal/x86_64/GameModeView.swiftconstvalues -emit-reference-dependencies-path /Users/eliaswilz/Library/Developer/Xcode/DerivedData/ImprovSuggestions-arilmhuykqtdvpblnctnlatmeljc/Build/Intermediates.noindex/ImprovSuggestions.build/Debug-iphonesimulator/ImprovSuggestions.build/Objects-normal/x86_64/GameModeView.swiftdeps -serialize-diagnostics-path /Users/eliaswilz/Library/Developer/Xcode/DerivedData/ImprovSuggestions-arilmhuykqtdvpblnctnlatmeljc/Build/Intermediates.noindex/ImprovSuggestions.build/Debug-iphonesimulator/ImprovSuggestions.build/Objects-normal/x86_64/GameModeView.dia -emit-localized-strings -emit-localized-strings-path /Users/eliaswilz/Library/Developer/Xcode/DerivedData/ImprovSuggestions-arilmhuykqtdvpblnctnlatmeljc/Build/Intermediates.noindex/ImprovSuggestions.build/Debug-iphonesimulator/ImprovSuggestions.build/Objects-normal/x86_64 -target x86_64-apple-ios18.2-simulator -enable-objc-interop -sdk /Applications/Xcode.app/Contents/Developer/Platforms/iPhoneSimulator.platform/Developer/SDKs/iPhoneSimulator18.2.sdk -I /Users/eliaswilz/Library/Developer/Xcode/DerivedData/ImprovSuggestions-arilmhuykqtdvpblnctnlatmeljc/Build/Products/Debug-iphonesimulator -F /Users/eliaswilz/Library/Developer/Xcode/DerivedData/ImprovSuggestions-arilmhuykqtdvpblnctnlatmeljc/Build/Products/Debug-iphonesimulator -no-color-diagnostics -enable-testing -g -debug-info-format\=dwarf -dwarf-version\=5 -module-cache-path /Users/eliaswilz/Library/Developer/Xcode/DerivedData/ModuleCache.noindex -profile-generate -profile-coverage-mapping -swift-version 5 -enforce-exclusivity\=checked -Onone -D DEBUG -serialize-debugging-options -const-gather-protocols-file /Users/eliaswilz/Library/Developer/Xcode/DerivedData/ImprovSuggestions-arilmhuykqtdvpblnctnlatmeljc/Build/Intermediates.noindex/ImprovSuggestions.build/Debug-iphonesimulator/ImprovSuggestions.build/Objects-normal/x86_64/ImprovSuggestions_const_extract_protocols.json -enable-experimental-feature DebugDescriptionMacro -enable-experimental-feature OpaqueTypeErasure -enable-bare-slash-regex -empty-abi-descriptor -validate-clang-modules-once -clang-build-session-file /Users/eliaswilz/Library/Developer/Xcode/DerivedData/ModuleCache.noindex/Session.modulevalidation -Xcc -working-directory -Xcc /Users/eliaswilz/Documents/04-PROGRAMMING/Projects/ImprovSuggestions -resource-dir /Applications/Xcode.app/Contents/Developer/Toolchains/XcodeDefault.xctoolchain/usr/lib/swift -enable-anonymous-context-mangled-names -file-compilation-dir /Users/eliaswilz/Documents/04-PROGRAMMING/Projects/ImprovSuggestions -Xcc -D_LIBCPP_HARDENING_MODE\=_LIBCPP_HARDENING_MODE_DEBUG -Xcc -ivfsstatcache -Xcc /Users/eliaswilz/Library/Developer/Xcode/DerivedData/SDKStatCaches.noindex/iphonesimulator18.2-22C146-07b28473f605e47e75261259d3ef3b5a.sdkstatcache -Xcc -I/Users/eliaswilz/Library/Developer/Xcode/DerivedData/ImprovSuggestions-arilmhuykqtdvpblnctnlatmeljc/Build/Intermediates.noindex/ImprovSuggestions.build/Debug-iphonesimulator/ImprovSuggestions.build/swift-overrides.hmap -Xcc -iquote -Xcc /Users/eliaswilz/Library/Developer/Xcode/DerivedData/ImprovSuggestions-arilmhuykqtdvpblnctnlatmeljc/Build/Intermediates.noindex/ImprovSuggestions.build/Debug-iphonesimulator/ImprovSuggestions.build/ImprovSuggestions-generated-files.hmap -Xcc -I/Users/eliaswilz/Library/Developer/Xcode/DerivedData/ImprovSuggestions-arilmhuykqtdvpblnctnlatmeljc/Build/Intermediates.noindex/ImprovSuggestions.build/Debug-iphonesimulator/ImprovSuggestions.build/ImprovSuggestions-own-target-headers.hmap -Xcc -I/Users/eliaswilz/Library/Developer/Xcode/DerivedData/ImprovSuggestions-arilmhuykqtdvpblnctnlatmeljc/Build/Intermediates.noindex/ImprovSuggestions.build/Debug-iphonesimulator/ImprovSuggestions.build/ImprovSuggestions-all-target-headers.hmap -Xcc -iquote -Xcc /Users/eliaswilz/Library/Developer/Xcode/DerivedData/ImprovSuggestions-arilmhuykqtdvpblnctnlatmeljc/Build/Intermediates.noindex/ImprovSuggestions.build/Debug-iphonesimulator/ImprovSuggestions.build/ImprovSuggestions-project-headers.hmap -Xcc -I/Users/eliaswilz/Library/Developer/Xcode/DerivedData/ImprovSuggestions-arilmhuykqtdvpblnctnlatmeljc/Build/Products/Debug-iphonesimulator/include -Xcc -I/Users/eliaswilz/Library/Developer/Xcode/DerivedData/ImprovSuggestions-arilmhuykqtdvpblnctnlatmeljc/Build/Intermediates.noindex/ImprovSuggestions.build/Debug-iphonesimulator/ImprovSuggestions.build/DerivedSources-normal/x86_64 -Xcc -I/Users/eliaswilz/Library/Developer/Xcode/DerivedData/ImprovSuggestions-arilmhuykqtdvpblnctnlatmeljc/Build/Intermediates.noindex/ImprovSuggestions.build/Debug-iphonesimulator/ImprovSuggestions.build/DerivedSources/x86_64 -Xcc -I/Users/eliaswilz/Library/Developer/Xcode/DerivedData/ImprovSuggestions-arilmhuykqtdvpblnctnlatmeljc/Build/Intermediates.noindex/ImprovSuggestions.build/Debug-iphonesimulator/ImprovSuggestions.build/DerivedSources -Xcc -DDEBUG\=1 -module-name ImprovSuggestions -frontend-parseable-output -disable-clang-spi -target-sdk-version 18.2 -target-sdk-name iphonesimulator18.2 -external-plugin-path /Applications/Xcode.app/Contents/Developer/Platforms/iPhoneOS.platform/Developer/usr/lib/swift/host/plugins\#/Applications/Xcode.app/Contents/Developer/Platforms/iPhoneOS.platform/Developer/usr/bin/swift-plugin-server -external-plugin-path /Applications/Xcode.app/Contents/Developer/Platforms/iPhoneOS.platform/Developer/usr/local/lib/swift/host/plugins\#/Applications/Xcode.app/Contents/Developer/Platforms/iPhoneOS.platform/Developer/usr/bin/swift-plugin-server -plugin-path /Applications/Xcode.app/Contents/Developer/Toolchains/XcodeDefault.xctoolchain/usr/lib/swift/host/plugins -plugin-path /Applications/Xcode.app/Contents/Developer/Toolchains/XcodeDefault.xctoolchain/usr/local/lib/swift/host/plugins -o /Users/eliaswilz/Library/Developer/Xcode/DerivedData/ImprovSuggestions-arilmhuykqtdvpblnctnlatmeljc/Build/Intermediates.noindex/ImprovSuggestions.build/Debug-iphonesimulator/ImprovSuggestions.build/Objects-normal/x86_64/GameModeView.o -index-unit-output-path /ImprovSuggestions.build/Debug-iphonesimulator/ImprovSuggestions.build/Objects-normal/x86_64/GameModeView.o -index-store-path /Users/eliaswilz/Library/Developer/Xcode/DerivedData/ImprovSuggestions-arilmhuykqtdvpblnctnlatmeljc/Index.noindex/DataStore -index-system-modules

SwiftCompile normal arm64 Compiling\ GameModeView.swift /Users/eliaswilz/Documents/04-PROGRAMMING/Projects/ImprovSuggestions/ImprovSuggestions/GameModeView.swift (in target 'ImprovSuggestions' from project 'ImprovSuggestions')
    cd /Users/eliaswilz/Documents/04-PROGRAMMING/Projects/ImprovSuggestions
    builtin-swiftTaskExecution -- /Applications/Xcode.app/Contents/Developer/Toolchains/XcodeDefault.xctoolchain/usr/bin/swift-frontend -frontend -c /Users/eliaswilz/Documents/04-PROGRAMMING/Projects/ImprovSuggestions/ImprovSuggestions/AddSuggestionView.swift /Users/eliaswilz/Documents/04-PROGRAMMING/Projects/ImprovSuggestions/ImprovSuggestions/ContentView.swift /Users/eliaswilz/Documents/04-PROGRAMMING/Projects/ImprovSuggestions/ImprovSuggestions/DataManager.swift /Users/eliaswilz/Documents/04-PROGRAMMING/Projects/ImprovSuggestions/ImprovSuggestions/FavoritesView.swift -primary-file /Users/eliaswilz/Documents/04-PROGRAMMING/Projects/ImprovSuggestions/ImprovSuggestions/GameModeView.swift /Users/eliaswilz/Documents/04-PROGRAMMING/Projects/ImprovSuggestions/ImprovSuggestions/GameModeViewModel.swift /Users/eliaswilz/Documents/04-PROGRAMMING/Projects/ImprovSuggestions/ImprovSuggestions/HapticManager.swift /Users/eliaswilz/Documents/04-PROGRAMMING/Projects/ImprovSuggestions/ImprovSuggestions/ImprovSuggestionsApp.swift /Users/eliaswilz/Documents/04-PROGRAMMING/Projects/ImprovSuggestions/ImprovSuggestions/PersistenceAlertManager.swift /Users/eliaswilz/Documents/04-PROGRAMMING/Projects/ImprovSuggestions/ImprovSuggestions/QuestionModeView.swift /Users/eliaswilz/Documents/04-PROGRAMMING/Projects/ImprovSuggestions/ImprovSuggestions/QuestionModeViewModel.swift /Users/eliaswilz/Documents/04-PROGRAMMING/Projects/ImprovSuggestions/ImprovSuggestions/SectionHeaderView.swift /Users/eliaswilz/Documents/04-PROGRAMMING/Projects/ImprovSuggestions/ImprovSuggestions/SettingsView.swift /Users/eliaswilz/Documents/04-PROGRAMMING/Projects/ImprovSuggestions/ImprovSuggestions/SuggestionCardView.swift /Users/eliaswilz/Documents/04-PROGRAMMING/Projects/ImprovSuggestions/ImprovSuggestions/SuggestionItem.swift /Users/eliaswilz/Documents/04-PROGRAMMING/Projects/ImprovSuggestions/ImprovSuggestions/SuggestionQueueManager.swift /Users/eliaswilz/Documents/04-PROGRAMMING/Projects/ImprovSuggestions/ImprovSuggestions/Theme.swift /Users/eliaswilz/Documents/04-PROGRAMMING/Projects/ImprovSuggestions/ImprovSuggestions/WordModeView.swift /Users/eliaswilz/Documents/04-PROGRAMMING/Projects/ImprovSuggestions/ImprovSuggestions/WordModeViewModel.swift /Users/eliaswilz/Library/Developer/Xcode/DerivedData/ImprovSuggestions-arilmhuykqtdvpblnctnlatmeljc/Build/Intermediates.noindex/ImprovSuggestions.build/Debug-iphonesimulator/ImprovSuggestions.build/DerivedSources/GeneratedAssetSymbols.swift -emit-dependencies-path /Users/eliaswilz/Library/Developer/Xcode/DerivedData/ImprovSuggestions-arilmhuykqtdvpblnctnlatmeljc/Build/Intermediates.noindex/ImprovSuggestions.build/Debug-iphonesimulator/ImprovSuggestions.build/Objects-normal/arm64/GameModeView.d -emit-const-values-path /Users/eliaswilz/Library/Developer/Xcode/DerivedData/ImprovSuggestions-arilmhuykqtdvpblnctnlatmeljc/Build/Intermediates.noindex/ImprovSuggestions.build/Debug-iphonesimulator/ImprovSuggestions.build/Objects-normal/arm64/GameModeView.swiftconstvalues -emit-reference-dependencies-path /Users/eliaswilz/Library/Developer/Xcode/DerivedData/ImprovSuggestions-arilmhuykqtdvpblnctnlatmeljc/Build/Intermediates.noindex/ImprovSuggestions.build/Debug-iphonesimulator/ImprovSuggestions.build/Objects-normal/arm64/GameModeView.swiftdeps -serialize-diagnostics-path /Users/eliaswilz/Library/Developer/Xcode/DerivedData/ImprovSuggestions-arilmhuykqtdvpblnctnlatmeljc/Build/Intermediates.noindex/ImprovSuggestions.build/Debug-iphonesimulator/ImprovSuggestions.build/Objects-normal/arm64/GameModeView.dia -emit-localized-strings -emit-localized-strings-path /Users/eliaswilz/Library/Developer/Xcode/DerivedData/ImprovSuggestions-arilmhuykqtdvpblnctnlatmeljc/Build/Intermediates.noindex/ImprovSuggestions.build/Debug-iphonesimulator/ImprovSuggestions.build/Objects-normal/arm64 -target arm64-apple-ios18.2-simulator -Xllvm -aarch64-use-tbi -enable-objc-interop -sdk /Applications/Xcode.app/Contents/Developer/Platforms/iPhoneSimulator.platform/Developer/SDKs/iPhoneSimulator18.2.sdk -I /Users/eliaswilz/Library/Developer/Xcode/DerivedData/ImprovSuggestions-arilmhuykqtdvpblnctnlatmeljc/Build/Products/Debug-iphonesimulator -F /Users/eliaswilz/Library/Developer/Xcode/DerivedData/ImprovSuggestions-arilmhuykqtdvpblnctnlatmeljc/Build/Products/Debug-iphonesimulator -no-color-diagnostics -enable-testing -g -debug-info-format\=dwarf -dwarf-version\=5 -module-cache-path /Users/eliaswilz/Library/Developer/Xcode/DerivedData/ModuleCache.noindex -profile-generate -profile-coverage-mapping -swift-version 5 -enforce-exclusivity\=checked -Onone -D DEBUG -serialize-debugging-options -const-gather-protocols-file /Users/eliaswilz/Library/Developer/Xcode/DerivedData/ImprovSuggestions-arilmhuykqtdvpblnctnlatmeljc/Build/Intermediates.noindex/ImprovSuggestions.build/Debug-iphonesimulator/ImprovSuggestions.build/Objects-normal/arm64/ImprovSuggestions_const_extract_protocols.json -enable-experimental-feature DebugDescriptionMacro -enable-experimental-feature OpaqueTypeErasure -enable-bare-slash-regex -empty-abi-descriptor -validate-clang-modules-once -clang-build-session-file /Users/eliaswilz/Library/Developer/Xcode/DerivedData/ModuleCache.noindex/Session.modulevalidation -Xcc -working-directory -Xcc /Users/eliaswilz/Documents/04-PROGRAMMING/Projects/ImprovSuggestions -resource-dir /Applications/Xcode.app/Contents/Developer/Toolchains/XcodeDefault.xctoolchain/usr/lib/swift -enable-anonymous-context-mangled-names -file-compilation-dir /Users/eliaswilz/Documents/04-PROGRAMMING/Projects/ImprovSuggestions -Xcc -D_LIBCPP_HARDENING_MODE\=_LIBCPP_HARDENING_MODE_DEBUG -Xcc -ivfsstatcache -Xcc /Users/eliaswilz/Library/Developer/Xcode/DerivedData/SDKStatCaches.noindex/iphonesimulator18.2-22C146-07b28473f605e47e75261259d3ef3b5a.sdkstatcache -Xcc -I/Users/eliaswilz/Library/Developer/Xcode/DerivedData/ImprovSuggestions-arilmhuykqtdvpblnctnlatmeljc/Build/Intermediates.noindex/ImprovSuggestions.build/Debug-iphonesimulator/ImprovSuggestions.build/swift-overrides.hmap -Xcc -iquote -Xcc /Users/eliaswilz/Library/Developer/Xcode/DerivedData/ImprovSuggestions-arilmhuykqtdvpblnctnlatmeljc/Build/Intermediates.noindex/ImprovSuggestions.build/Debug-iphonesimulator/ImprovSuggestions.build/ImprovSuggestions-generated-files.hmap -Xcc -I/Users/eliaswilz/Library/Developer/Xcode/DerivedData/ImprovSuggestions-arilmhuykqtdvpblnctnlatmeljc/Build/Intermediates.noindex/ImprovSuggestions.build/Debug-iphonesimulator/ImprovSuggestions.build/ImprovSuggestions-own-target-headers.hmap -Xcc -I/Users/eliaswilz/Library/Developer/Xcode/DerivedData/ImprovSuggestions-arilmhuykqtdvpblnctnlatmeljc/Build/Intermediates.noindex/ImprovSuggestions.build/Debug-iphonesimulator/ImprovSuggestions.build/ImprovSuggestions-all-target-headers.hmap -Xcc -iquote -Xcc /Users/eliaswilz/Library/Developer/Xcode/DerivedData/ImprovSuggestions-arilmhuykqtdvpblnctnlatmeljc/Build/Intermediates.noindex/ImprovSuggestions.build/Debug-iphonesimulator/ImprovSuggestions.build/ImprovSuggestions-project-headers.hmap -Xcc -I/Users/eliaswilz/Library/Developer/Xcode/DerivedData/ImprovSuggestions-arilmhuykqtdvpblnctnlatmeljc/Build/Products/Debug-iphonesimulator/include -Xcc -I/Users/eliaswilz/Library/Developer/Xcode/DerivedData/ImprovSuggestions-arilmhuykqtdvpblnctnlatmeljc/Build/Intermediates.noindex/ImprovSuggestions.build/Debug-iphonesimulator/ImprovSuggestions.build/DerivedSources-normal/arm64 -Xcc -I/Users/eliaswilz/Library/Developer/Xcode/DerivedData/ImprovSuggestions-arilmhuykqtdvpblnctnlatmeljc/Build/Intermediates.noindex/ImprovSuggestions.build/Debug-iphonesimulator/ImprovSuggestions.build/DerivedSources/arm64 -Xcc -I/Users/eliaswilz/Library/Developer/Xcode/DerivedData/ImprovSuggestions-arilmhuykqtdvpblnctnlatmeljc/Build/Intermediates.noindex/ImprovSuggestions.build/Debug-iphonesimulator/ImprovSuggestions.build/DerivedSources -Xcc -DDEBUG\=1 -module-name ImprovSuggestions -frontend-parseable-output -disable-clang-spi -target-sdk-version 18.2 -target-sdk-name iphonesimulator18.2 -external-plugin-path /Applications/Xcode.app/Contents/Developer/Platforms/iPhoneOS.platform/Developer/usr/lib/swift/host/plugins\#/Applications/Xcode.app/Contents/Developer/Platforms/iPhoneOS.platform/Developer/usr/bin/swift-plugin-server -external-plugin-path /Applications/Xcode.app/Contents/Developer/Platforms/iPhoneOS.platform/Developer/usr/local/lib/swift/host/plugins\#/Applications/Xcode.app/Contents/Developer/Platforms/iPhoneOS.platform/Developer/usr/bin/swift-plugin-server -plugin-path /Applications/Xcode.app/Contents/Developer/Toolchains/XcodeDefault.xctoolchain/usr/lib/swift/host/plugins -plugin-path /Applications/Xcode.app/Contents/Developer/Toolchains/XcodeDefault.xctoolchain/usr/local/lib/swift/host/plugins -o /Users/eliaswilz/Library/Developer/Xcode/DerivedData/ImprovSuggestions-arilmhuykqtdvpblnctnlatmeljc/Build/Intermediates.noindex/ImprovSuggestions.build/Debug-iphonesimulator/ImprovSuggestions.build/Objects-normal/arm64/GameModeView.o -index-unit-output-path /ImprovSuggestions.build/Debug-iphonesimulator/ImprovSuggestions.build/Objects-normal/arm64/GameModeView.o -index-store-path /Users/eliaswilz/Library/Developer/Xcode/DerivedData/ImprovSuggestions-arilmhuykqtdvpblnctnlatmeljc/Index.noindex/DataStore -index-system-modules

SwiftCompile normal arm64 /Users/eliaswilz/Documents/04-PROGRAMMING/Projects/ImprovSuggestions/ImprovSuggestions/GameModeView.swift (in target 'ImprovSuggestions' from project 'ImprovSuggestions')
    cd /Users/eliaswilz/Documents/04-PROGRAMMING/Projects/ImprovSuggestions
    /Applications/Xcode.app/Contents/Developer/Toolchains/XcodeDefault.xctoolchain/usr/bin/swift-frontend -c /Users/eliaswilz/Documents/04-PROGRAMMING/Projects/ImprovSuggestions/ImprovSuggestions/AddSuggestionView.swift /Users/eliaswilz/Documents/04-PROGRAMMING/Projects/ImprovSuggestions/ImprovSuggestions/ContentView.swift /Users/eliaswilz/Documents/04-PROGRAMMING/Projects/ImprovSuggestions/ImprovSuggestions/DataManager.swift /Users/eliaswilz/Documents/04-PROGRAMMING/Projects/ImprovSuggestions/ImprovSuggestions/FavoritesView.swift -primary-file /Users/eliaswilz/Documents/04-PROGRAMMING/Projects/ImprovSuggestions/ImprovSuggestions/GameModeView.swift /Users/eliaswilz/Documents/04-PROGRAMMING/Projects/ImprovSuggestions/ImprovSuggestions/GameModeViewModel.swift /Users/eliaswilz/Documents/04-PROGRAMMING/Projects/ImprovSuggestions/ImprovSuggestions/HapticManager.swift /Users/eliaswilz/Documents/04-PROGRAMMING/Projects/ImprovSuggestions/ImprovSuggestions/ImprovSuggestionsApp.swift /Users/eliaswilz/Documents/04-PROGRAMMING/Projects/ImprovSuggestions/ImprovSuggestions/PersistenceAlertManager.swift /Users/eliaswilz/Documents/04-PROGRAMMING/Projects/ImprovSuggestions/ImprovSuggestions/QuestionModeView.swift /Users/eliaswilz/Documents/04-PROGRAMMING/Projects/ImprovSuggestions/ImprovSuggestions/QuestionModeViewModel.swift /Users/eliaswilz/Documents/04-PROGRAMMING/Projects/ImprovSuggestions/ImprovSuggestions/SectionHeaderView.swift /Users/eliaswilz/Documents/04-PROGRAMMING/Projects/ImprovSuggestions/ImprovSuggestions/SettingsView.swift /Users/eliaswilz/Documents/04-PROGRAMMING/Projects/ImprovSuggestions/ImprovSuggestions/SuggestionCardView.swift /Users/eliaswilz/Documents/04-PROGRAMMING/Projects/ImprovSuggestions/ImprovSuggestions/SuggestionItem.swift /Users/eliaswilz/Documents/04-PROGRAMMING/Projects/ImprovSuggestions/ImprovSuggestions/SuggestionQueueManager.swift /Users/eliaswilz/Documents/04-PROGRAMMING/Projects/ImprovSuggestions/ImprovSuggestions/Theme.swift /Users/eliaswilz/Documents/04-PROGRAMMING/Projects/ImprovSuggestions/ImprovSuggestions/WordModeView.swift /Users/eliaswilz/Documents/04-PROGRAMMING/Projects/ImprovSuggestions/ImprovSuggestions/WordModeViewModel.swift /Users/eliaswilz/Library/Developer/Xcode/DerivedData/ImprovSuggestions-arilmhuykqtdvpblnctnlatmeljc/Build/Intermediates.noindex/ImprovSuggestions.build/Debug-iphonesimulator/ImprovSuggestions.build/DerivedSources/GeneratedAssetSymbols.swift -emit-dependencies-path /Users/eliaswilz/Library/Developer/Xcode/DerivedData/ImprovSuggestions-arilmhuykqtdvpblnctnlatmeljc/Build/Intermediates.noindex/ImprovSuggestions.build/Debug-iphonesimulator/ImprovSuggestions.build/Objects-normal/arm64/GameModeView.d -emit-const-values-path /Users/eliaswilz/Library/Developer/Xcode/DerivedData/ImprovSuggestions-arilmhuykqtdvpblnctnlatmeljc/Build/Intermediates.noindex/ImprovSuggestions.build/Debug-iphonesimulator/ImprovSuggestions.build/Objects-normal/arm64/GameModeView.swiftconstvalues -emit-reference-dependencies-path /Users/eliaswilz/Library/Developer/Xcode/DerivedData/ImprovSuggestions-arilmhuykqtdvpblnctnlatmeljc/Build/Intermediates.noindex/ImprovSuggestions.build/Debug-iphonesimulator/ImprovSuggestions.build/Objects-normal/arm64/GameModeView.swiftdeps -serialize-diagnostics-path /Users/eliaswilz/Library/Developer/Xcode/DerivedData/ImprovSuggestions-arilmhuykqtdvpblnctnlatmeljc/Build/Intermediates.noindex/ImprovSuggestions.build/Debug-iphonesimulator/ImprovSuggestions.build/Objects-normal/arm64/GameModeView.dia -emit-localized-strings -emit-localized-strings-path /Users/eliaswilz/Library/Developer/Xcode/DerivedData/ImprovSuggestions-arilmhuykqtdvpblnctnlatmeljc/Build/Intermediates.noindex/ImprovSuggestions.build/Debug-iphonesimulator/ImprovSuggestions.build/Objects-normal/arm64 -target arm64-apple-ios18.2-simulator -Xllvm -aarch64-use-tbi -enable-objc-interop -sdk /Applications/Xcode.app/Contents/Developer/Platforms/iPhoneSimulator.platform/Developer/SDKs/iPhoneSimulator18.2.sdk -I /Users/eliaswilz/Library/Developer/Xcode/DerivedData/ImprovSuggestions-arilmhuykqtdvpblnctnlatmeljc/Build/Products/Debug-iphonesimulator -F /Users/eliaswilz/Library/Developer/Xcode/DerivedData/ImprovSuggestions-arilmhuykqtdvpblnctnlatmeljc/Build/Products/Debug-iphonesimulator -no-color-diagnostics -enable-testing -g -debug-info-format\=dwarf -dwarf-version\=5 -module-cache-path /Users/eliaswilz/Library/Developer/Xcode/DerivedData/ModuleCache.noindex -profile-generate -profile-coverage-mapping -swift-version 5 -enforce-exclusivity\=checked -Onone -D DEBUG -serialize-debugging-options -const-gather-protocols-file /Users/eliaswilz/Library/Developer/Xcode/DerivedData/ImprovSuggestions-arilmhuykqtdvpblnctnlatmeljc/Build/Intermediates.noindex/ImprovSuggestions.build/Debug-iphonesimulator/ImprovSuggestions.build/Objects-normal/arm64/ImprovSuggestions_const_extract_protocols.json -enable-experimental-feature DebugDescriptionMacro -enable-experimental-feature OpaqueTypeErasure -enable-bare-slash-regex -empty-abi-descriptor -validate-clang-modules-once -clang-build-session-file /Users/eliaswilz/Library/Developer/Xcode/DerivedData/ModuleCache.noindex/Session.modulevalidation -Xcc -working-directory -Xcc /Users/eliaswilz/Documents/04-PROGRAMMING/Projects/ImprovSuggestions -resource-dir /Applications/Xcode.app/Contents/Developer/Toolchains/XcodeDefault.xctoolchain/usr/lib/swift -enable-anonymous-context-mangled-names -file-compilation-dir /Users/eliaswilz/Documents/04-PROGRAMMING/Projects/ImprovSuggestions -Xcc -D_LIBCPP_HARDENING_MODE\=_LIBCPP_HARDENING_MODE_DEBUG -Xcc -ivfsstatcache -Xcc /Users/eliaswilz/Library/Developer/Xcode/DerivedData/SDKStatCaches.noindex/iphonesimulator18.2-22C146-07b28473f605e47e75261259d3ef3b5a.sdkstatcache -Xcc -I/Users/eliaswilz/Library/Developer/Xcode/DerivedData/ImprovSuggestions-arilmhuykqtdvpblnctnlatmeljc/Build/Intermediates.noindex/ImprovSuggestions.build/Debug-iphonesimulator/ImprovSuggestions.build/swift-overrides.hmap -Xcc -iquote -Xcc /Users/eliaswilz/Library/Developer/Xcode/DerivedData/ImprovSuggestions-arilmhuykqtdvpblnctnlatmeljc/Build/Intermediates.noindex/ImprovSuggestions.build/Debug-iphonesimulator/ImprovSuggestions.build/ImprovSuggestions-generated-files.hmap -Xcc -I/Users/eliaswilz/Library/Developer/Xcode/DerivedData/ImprovSuggestions-arilmhuykqtdvpblnctnlatmeljc/Build/Intermediates.noindex/ImprovSuggestions.build/Debug-iphonesimulator/ImprovSuggestions.build/ImprovSuggestions-own-target-headers.hmap -Xcc -I/Users/eliaswilz/Library/Developer/Xcode/DerivedData/ImprovSuggestions-arilmhuykqtdvpblnctnlatmeljc/Build/Intermediates.noindex/ImprovSuggestions.build/Debug-iphonesimulator/ImprovSuggestions.build/ImprovSuggestions-all-target-headers.hmap -Xcc -iquote -Xcc /Users/eliaswilz/Library/Developer/Xcode/DerivedData/ImprovSuggestions-arilmhuykqtdvpblnctnlatmeljc/Build/Intermediates.noindex/ImprovSuggestions.build/Debug-iphonesimulator/ImprovSuggestions.build/ImprovSuggestions-project-headers.hmap -Xcc -I/Users/eliaswilz/Library/Developer/Xcode/DerivedData/ImprovSuggestions-arilmhuykqtdvpblnctnlatmeljc/Build/Products/Debug-iphonesimulator/include -Xcc -I/Users/eliaswilz/Library/Developer/Xcode/DerivedData/ImprovSuggestions-arilmhuykqtdvpblnctnlatmeljc/Build/Intermediates.noindex/ImprovSuggestions.build/Debug-iphonesimulator/ImprovSuggestions.build/DerivedSources-normal/arm64 -Xcc -I/Users/eliaswilz/Library/Developer/Xcode/DerivedData/ImprovSuggestions-arilmhuykqtdvpblnctnlatmeljc/Build/Intermediates.noindex/ImprovSuggestions.build/Debug-iphonesimulator/ImprovSuggestions.build/DerivedSources/arm64 -Xcc -I/Users/eliaswilz/Library/Developer/Xcode/DerivedData/ImprovSuggestions-arilmhuykqtdvpblnctnlatmeljc/Build/Intermediates.noindex/ImprovSuggestions.build/Debug-iphonesimulator/ImprovSuggestions.build/DerivedSources -Xcc -DDEBUG\=1 -module-name ImprovSuggestions -frontend-parseable-output -disable-clang-spi -target-sdk-version 18.2 -target-sdk-name iphonesimulator18.2 -external-plugin-path /Applications/Xcode.app/Contents/Developer/Platforms/iPhoneOS.platform/Developer/usr/lib/swift/host/plugins\#/Applications/Xcode.app/Contents/Developer/Platforms/iPhoneOS.platform/Developer/usr/bin/swift-plugin-server -external-plugin-path /Applications/Xcode.app/Contents/Developer/Platforms/iPhoneOS.platform/Developer/usr/local/lib/swift/host/plugins\#/Applications/Xcode.app/Contents/Developer/Platforms/iPhoneOS.platform/Developer/usr/bin/swift-plugin-server -plugin-path /Applications/Xcode.app/Contents/Developer/Toolchains/XcodeDefault.xctoolchain/usr/lib/swift/host/plugins -plugin-path /Applications/Xcode.app/Contents/Developer/Toolchains/XcodeDefault.xctoolchain/usr/local/lib/swift/host/plugins -o /Users/eliaswilz/Library/Developer/Xcode/DerivedData/ImprovSuggestions-arilmhuykqtdvpblnctnlatmeljc/Build/Intermediates.noindex/ImprovSuggestions.build/Debug-iphonesimulator/ImprovSuggestions.build/Objects-normal/arm64/GameModeView.o -index-unit-output-path /ImprovSuggestions.build/Debug-iphonesimulator/ImprovSuggestions.build/Objects-normal/arm64/GameModeView.o -index-store-path /Users/eliaswilz/Library/Developer/Xcode/DerivedData/ImprovSuggestions-arilmhuykqtdvpblnctnlatmeljc/Index.noindex/DataStore -index-system-modules

SwiftCompile normal x86_64 Compiling\ QuestionModeView.swift /Users/eliaswilz/Documents/04-PROGRAMMING/Projects/ImprovSuggestions/ImprovSuggestions/QuestionModeView.swift (in target 'ImprovSuggestions' from project 'ImprovSuggestions')
    cd /Users/eliaswilz/Documents/04-PROGRAMMING/Projects/ImprovSuggestions
    builtin-swiftTaskExecution -- /Applications/Xcode.app/Contents/Developer/Toolchains/XcodeDefault.xctoolchain/usr/bin/swift-frontend -frontend -c /Users/eliaswilz/Documents/04-PROGRAMMING/Projects/ImprovSuggestions/ImprovSuggestions/AddSuggestionView.swift /Users/eliaswilz/Documents/04-PROGRAMMING/Projects/ImprovSuggestions/ImprovSuggestions/ContentView.swift /Users/eliaswilz/Documents/04-PROGRAMMING/Projects/ImprovSuggestions/ImprovSuggestions/DataManager.swift /Users/eliaswilz/Documents/04-PROGRAMMING/Projects/ImprovSuggestions/ImprovSuggestions/FavoritesView.swift /Users/eliaswilz/Documents/04-PROGRAMMING/Projects/ImprovSuggestions/ImprovSuggestions/GameModeView.swift /Users/eliaswilz/Documents/04-PROGRAMMING/Projects/ImprovSuggestions/ImprovSuggestions/GameModeViewModel.swift /Users/eliaswilz/Documents/04-PROGRAMMING/Projects/ImprovSuggestions/ImprovSuggestions/HapticManager.swift /Users/eliaswilz/Documents/04-PROGRAMMING/Projects/ImprovSuggestions/ImprovSuggestions/ImprovSuggestionsApp.swift /Users/eliaswilz/Documents/04-PROGRAMMING/Projects/ImprovSuggestions/ImprovSuggestions/PersistenceAlertManager.swift -primary-file /Users/eliaswilz/Documents/04-PROGRAMMING/Projects/ImprovSuggestions/ImprovSuggestions/QuestionModeView.swift /Users/eliaswilz/Documents/04-PROGRAMMING/Projects/ImprovSuggestions/ImprovSuggestions/QuestionModeViewModel.swift /Users/eliaswilz/Documents/04-PROGRAMMING/Projects/ImprovSuggestions/ImprovSuggestions/SectionHeaderView.swift /Users/eliaswilz/Documents/04-PROGRAMMING/Projects/ImprovSuggestions/ImprovSuggestions/SettingsView.swift /Users/eliaswilz/Documents/04-PROGRAMMING/Projects/ImprovSuggestions/ImprovSuggestions/SuggestionCardView.swift /Users/eliaswilz/Documents/04-PROGRAMMING/Projects/ImprovSuggestions/ImprovSuggestions/SuggestionItem.swift /Users/eliaswilz/Documents/04-PROGRAMMING/Projects/ImprovSuggestions/ImprovSuggestions/SuggestionQueueManager.swift /Users/eliaswilz/Documents/04-PROGRAMMING/Projects/ImprovSuggestions/ImprovSuggestions/Theme.swift /Users/eliaswilz/Documents/04-PROGRAMMING/Projects/ImprovSuggestions/ImprovSuggestions/WordModeView.swift /Users/eliaswilz/Documents/04-PROGRAMMING/Projects/ImprovSuggestions/ImprovSuggestions/WordModeViewModel.swift /Users/eliaswilz/Library/Developer/Xcode/DerivedData/ImprovSuggestions-arilmhuykqtdvpblnctnlatmeljc/Build/Intermediates.noindex/ImprovSuggestions.build/Debug-iphonesimulator/ImprovSuggestions.build/DerivedSources/GeneratedAssetSymbols.swift -emit-dependencies-path /Users/eliaswilz/Library/Developer/Xcode/DerivedData/ImprovSuggestions-arilmhuykqtdvpblnctnlatmeljc/Build/Intermediates.noindex/ImprovSuggestions.build/Debug-iphonesimulator/ImprovSuggestions.build/Objects-normal/x86_64/QuestionModeView.d -emit-const-values-path /Users/eliaswilz/Library/Developer/Xcode/DerivedData/ImprovSuggestions-arilmhuykqtdvpblnctnlatmeljc/Build/Intermediates.noindex/ImprovSuggestions.build/Debug-iphonesimulator/ImprovSuggestions.build/Objects-normal/x86_64/QuestionModeView.swiftconstvalues -emit-reference-dependencies-path /Users/eliaswilz/Library/Developer/Xcode/DerivedData/ImprovSuggestions-arilmhuykqtdvpblnctnlatmeljc/Build/Intermediates.noindex/ImprovSuggestions.build/Debug-iphonesimulator/ImprovSuggestions.build/Objects-normal/x86_64/QuestionModeView.swiftdeps -serialize-diagnostics-path /Users/eliaswilz/Library/Developer/Xcode/DerivedData/ImprovSuggestions-arilmhuykqtdvpblnctnlatmeljc/Build/Intermediates.noindex/ImprovSuggestions.build/Debug-iphonesimulator/ImprovSuggestions.build/Objects-normal/x86_64/QuestionModeView.dia -emit-localized-strings -emit-localized-strings-path /Users/eliaswilz/Library/Developer/Xcode/DerivedData/ImprovSuggestions-arilmhuykqtdvpblnctnlatmeljc/Build/Intermediates.noindex/ImprovSuggestions.build/Debug-iphonesimulator/ImprovSuggestions.build/Objects-normal/x86_64 -target x86_64-apple-ios18.2-simulator -enable-objc-interop -sdk /Applications/Xcode.app/Contents/Developer/Platforms/iPhoneSimulator.platform/Developer/SDKs/iPhoneSimulator18.2.sdk -I /Users/eliaswilz/Library/Developer/Xcode/DerivedData/ImprovSuggestions-arilmhuykqtdvpblnctnlatmeljc/Build/Products/Debug-iphonesimulator -F /Users/eliaswilz/Library/Developer/Xcode/DerivedData/ImprovSuggestions-arilmhuykqtdvpblnctnlatmeljc/Build/Products/Debug-iphonesimulator -no-color-diagnostics -enable-testing -g -debug-info-format\=dwarf -dwarf-version\=5 -module-cache-path /Users/eliaswilz/Library/Developer/Xcode/DerivedData/ModuleCache.noindex -profile-generate -profile-coverage-mapping -swift-version 5 -enforce-exclusivity\=checked -Onone -D DEBUG -serialize-debugging-options -const-gather-protocols-file /Users/eliaswilz/Library/Developer/Xcode/DerivedData/ImprovSuggestions-arilmhuykqtdvpblnctnlatmeljc/Build/Intermediates.noindex/ImprovSuggestions.build/Debug-iphonesimulator/ImprovSuggestions.build/Objects-normal/x86_64/ImprovSuggestions_const_extract_protocols.json -enable-experimental-feature DebugDescriptionMacro -enable-experimental-feature OpaqueTypeErasure -enable-bare-slash-regex -empty-abi-descriptor -validate-clang-modules-once -clang-build-session-file /Users/eliaswilz/Library/Developer/Xcode/DerivedData/ModuleCache.noindex/Session.modulevalidation -Xcc -working-directory -Xcc /Users/eliaswilz/Documents/04-PROGRAMMING/Projects/ImprovSuggestions -resource-dir /Applications/Xcode.app/Contents/Developer/Toolchains/XcodeDefault.xctoolchain/usr/lib/swift -enable-anonymous-context-mangled-names -file-compilation-dir /Users/eliaswilz/Documents/04-PROGRAMMING/Projects/ImprovSuggestions -Xcc -D_LIBCPP_HARDENING_MODE\=_LIBCPP_HARDENING_MODE_DEBUG -Xcc -ivfsstatcache -Xcc /Users/eliaswilz/Library/Developer/Xcode/DerivedData/SDKStatCaches.noindex/iphonesimulator18.2-22C146-07b28473f605e47e75261259d3ef3b5a.sdkstatcache -Xcc -I/Users/eliaswilz/Library/Developer/Xcode/DerivedData/ImprovSuggestions-arilmhuykqtdvpblnctnlatmeljc/Build/Intermediates.noindex/ImprovSuggestions.build/Debug-iphonesimulator/ImprovSuggestions.build/swift-overrides.hmap -Xcc -iquote -Xcc /Users/eliaswilz/Library/Developer/Xcode/DerivedData/ImprovSuggestions-arilmhuykqtdvpblnctnlatmeljc/Build/Intermediates.noindex/ImprovSuggestions.build/Debug-iphonesimulator/ImprovSuggestions.build/ImprovSuggestions-generated-files.hmap -Xcc -I/Users/eliaswilz/Library/Developer/Xcode/DerivedData/ImprovSuggestions-arilmhuykqtdvpblnctnlatmeljc/Build/Intermediates.noindex/ImprovSuggestions.build/Debug-iphonesimulator/ImprovSuggestions.build/ImprovSuggestions-own-target-headers.hmap -Xcc -I/Users/eliaswilz/Library/Developer/Xcode/DerivedData/ImprovSuggestions-arilmhuykqtdvpblnctnlatmeljc/Build/Intermediates.noindex/ImprovSuggestions.build/Debug-iphonesimulator/ImprovSuggestions.build/ImprovSuggestions-all-target-headers.hmap -Xcc -iquote -Xcc /Users/eliaswilz/Library/Developer/Xcode/DerivedData/ImprovSuggestions-arilmhuykqtdvpblnctnlatmeljc/Build/Intermediates.noindex/ImprovSuggestions.build/Debug-iphonesimulator/ImprovSuggestions.build/ImprovSuggestions-project-headers.hmap -Xcc -I/Users/eliaswilz/Library/Developer/Xcode/DerivedData/ImprovSuggestions-arilmhuykqtdvpblnctnlatmeljc/Build/Products/Debug-iphonesimulator/include -Xcc -I/Users/eliaswilz/Library/Developer/Xcode/DerivedData/ImprovSuggestions-arilmhuykqtdvpblnctnlatmeljc/Build/Intermediates.noindex/ImprovSuggestions.build/Debug-iphonesimulator/ImprovSuggestions.build/DerivedSources-normal/x86_64 -Xcc -I/Users/eliaswilz/Library/Developer/Xcode/DerivedData/ImprovSuggestions-arilmhuykqtdvpblnctnlatmeljc/Build/Intermediates.noindex/ImprovSuggestions.build/Debug-iphonesimulator/ImprovSuggestions.build/DerivedSources/x86_64 -Xcc -I/Users/eliaswilz/Library/Developer/Xcode/DerivedData/ImprovSuggestions-arilmhuykqtdvpblnctnlatmeljc/Build/Intermediates.noindex/ImprovSuggestions.build/Debug-iphonesimulator/ImprovSuggestions.build/DerivedSources -Xcc -DDEBUG\=1 -module-name ImprovSuggestions -frontend-parseable-output -disable-clang-spi -target-sdk-version 18.2 -target-sdk-name iphonesimulator18.2 -external-plugin-path /Applications/Xcode.app/Contents/Developer/Platforms/iPhoneOS.platform/Developer/usr/lib/swift/host/plugins\#/Applications/Xcode.app/Contents/Developer/Platforms/iPhoneOS.platform/Developer/usr/bin/swift-plugin-server -external-plugin-path /Applications/Xcode.app/Contents/Developer/Platforms/iPhoneOS.platform/Developer/usr/local/lib/swift/host/plugins\#/Applications/Xcode.app/Contents/Developer/Platforms/iPhoneOS.platform/Developer/usr/bin/swift-plugin-server -plugin-path /Applications/Xcode.app/Contents/Developer/Toolchains/XcodeDefault.xctoolchain/usr/lib/swift/host/plugins -plugin-path /Applications/Xcode.app/Contents/Developer/Toolchains/XcodeDefault.xctoolchain/usr/local/lib/swift/host/plugins -o /Users/eliaswilz/Library/Developer/Xcode/DerivedData/ImprovSuggestions-arilmhuykqtdvpblnctnlatmeljc/Build/Intermediates.noindex/ImprovSuggestions.build/Debug-iphonesimulator/ImprovSuggestions.build/Objects-normal/x86_64/QuestionModeView.o -index-unit-output-path /ImprovSuggestions.build/Debug-iphonesimulator/ImprovSuggestions.build/Objects-normal/x86_64/QuestionModeView.o -index-store-path /Users/eliaswilz/Library/Developer/Xcode/DerivedData/ImprovSuggestions-arilmhuykqtdvpblnctnlatmeljc/Index.noindex/DataStore -index-system-modules

SwiftCompile normal x86_64 /Users/eliaswilz/Documents/04-PROGRAMMING/Projects/ImprovSuggestions/ImprovSuggestions/QuestionModeView.swift (in target 'ImprovSuggestions' from project 'ImprovSuggestions')
    cd /Users/eliaswilz/Documents/04-PROGRAMMING/Projects/ImprovSuggestions
    /Applications/Xcode.app/Contents/Developer/Toolchains/XcodeDefault.xctoolchain/usr/bin/swift-frontend -c /Users/eliaswilz/Documents/04-PROGRAMMING/Projects/ImprovSuggestions/ImprovSuggestions/AddSuggestionView.swift /Users/eliaswilz/Documents/04-PROGRAMMING/Projects/ImprovSuggestions/ImprovSuggestions/ContentView.swift /Users/eliaswilz/Documents/04-PROGRAMMING/Projects/ImprovSuggestions/ImprovSuggestions/DataManager.swift /Users/eliaswilz/Documents/04-PROGRAMMING/Projects/ImprovSuggestions/ImprovSuggestions/FavoritesView.swift /Users/eliaswilz/Documents/04-PROGRAMMING/Projects/ImprovSuggestions/ImprovSuggestions/GameModeView.swift /Users/eliaswilz/Documents/04-PROGRAMMING/Projects/ImprovSuggestions/ImprovSuggestions/GameModeViewModel.swift /Users/eliaswilz/Documents/04-PROGRAMMING/Projects/ImprovSuggestions/ImprovSuggestions/HapticManager.swift /Users/eliaswilz/Documents/04-PROGRAMMING/Projects/ImprovSuggestions/ImprovSuggestions/ImprovSuggestionsApp.swift /Users/eliaswilz/Documents/04-PROGRAMMING/Projects/ImprovSuggestions/ImprovSuggestions/PersistenceAlertManager.swift -primary-file /Users/eliaswilz/Documents/04-PROGRAMMING/Projects/ImprovSuggestions/ImprovSuggestions/QuestionModeView.swift /Users/eliaswilz/Documents/04-PROGRAMMING/Projects/ImprovSuggestions/ImprovSuggestions/QuestionModeViewModel.swift /Users/eliaswilz/Documents/04-PROGRAMMING/Projects/ImprovSuggestions/ImprovSuggestions/SectionHeaderView.swift /Users/eliaswilz/Documents/04-PROGRAMMING/Projects/ImprovSuggestions/ImprovSuggestions/SettingsView.swift /Users/eliaswilz/Documents/04-PROGRAMMING/Projects/ImprovSuggestions/ImprovSuggestions/SuggestionCardView.swift /Users/eliaswilz/Documents/04-PROGRAMMING/Projects/ImprovSuggestions/ImprovSuggestions/SuggestionItem.swift /Users/eliaswilz/Documents/04-PROGRAMMING/Projects/ImprovSuggestions/ImprovSuggestions/SuggestionQueueManager.swift /Users/eliaswilz/Documents/04-PROGRAMMING/Projects/ImprovSuggestions/ImprovSuggestions/Theme.swift /Users/eliaswilz/Documents/04-PROGRAMMING/Projects/ImprovSuggestions/ImprovSuggestions/WordModeView.swift /Users/eliaswilz/Documents/04-PROGRAMMING/Projects/ImprovSuggestions/ImprovSuggestions/WordModeViewModel.swift /Users/eliaswilz/Library/Developer/Xcode/DerivedData/ImprovSuggestions-arilmhuykqtdvpblnctnlatmeljc/Build/Intermediates.noindex/ImprovSuggestions.build/Debug-iphonesimulator/ImprovSuggestions.build/DerivedSources/GeneratedAssetSymbols.swift -emit-dependencies-path /Users/eliaswilz/Library/Developer/Xcode/DerivedData/ImprovSuggestions-arilmhuykqtdvpblnctnlatmeljc/Build/Intermediates.noindex/ImprovSuggestions.build/Debug-iphonesimulator/ImprovSuggestions.build/Objects-normal/x86_64/QuestionModeView.d -emit-const-values-path /Users/eliaswilz/Library/Developer/Xcode/DerivedData/ImprovSuggestions-arilmhuykqtdvpblnctnlatmeljc/Build/Intermediates.noindex/ImprovSuggestions.build/Debug-iphonesimulator/ImprovSuggestions.build/Objects-normal/x86_64/QuestionModeView.swiftconstvalues -emit-reference-dependencies-path /Users/eliaswilz/Library/Developer/Xcode/DerivedData/ImprovSuggestions-arilmhuykqtdvpblnctnlatmeljc/Build/Intermediates.noindex/ImprovSuggestions.build/Debug-iphonesimulator/ImprovSuggestions.build/Objects-normal/x86_64/QuestionModeView.swiftdeps -serialize-diagnostics-path /Users/eliaswilz/Library/Developer/Xcode/DerivedData/ImprovSuggestions-arilmhuykqtdvpblnctnlatmeljc/Build/Intermediates.noindex/ImprovSuggestions.build/Debug-iphonesimulator/ImprovSuggestions.build/Objects-normal/x86_64/QuestionModeView.dia -emit-localized-strings -emit-localized-strings-path /Users/eliaswilz/Library/Developer/Xcode/DerivedData/ImprovSuggestions-arilmhuykqtdvpblnctnlatmeljc/Build/Intermediates.noindex/ImprovSuggestions.build/Debug-iphonesimulator/ImprovSuggestions.build/Objects-normal/x86_64 -target x86_64-apple-ios18.2-simulator -enable-objc-interop -sdk /Applications/Xcode.app/Contents/Developer/Platforms/iPhoneSimulator.platform/Developer/SDKs/iPhoneSimulator18.2.sdk -I /Users/eliaswilz/Library/Developer/Xcode/DerivedData/ImprovSuggestions-arilmhuykqtdvpblnctnlatmeljc/Build/Products/Debug-iphonesimulator -F /Users/eliaswilz/Library/Developer/Xcode/DerivedData/ImprovSuggestions-arilmhuykqtdvpblnctnlatmeljc/Build/Products/Debug-iphonesimulator -no-color-diagnostics -enable-testing -g -debug-info-format\=dwarf -dwarf-version\=5 -module-cache-path /Users/eliaswilz/Library/Developer/Xcode/DerivedData/ModuleCache.noindex -profile-generate -profile-coverage-mapping -swift-version 5 -enforce-exclusivity\=checked -Onone -D DEBUG -serialize-debugging-options -const-gather-protocols-file /Users/eliaswilz/Library/Developer/Xcode/DerivedData/ImprovSuggestions-arilmhuykqtdvpblnctnlatmeljc/Build/Intermediates.noindex/ImprovSuggestions.build/Debug-iphonesimulator/ImprovSuggestions.build/Objects-normal/x86_64/ImprovSuggestions_const_extract_protocols.json -enable-experimental-feature DebugDescriptionMacro -enable-experimental-feature OpaqueTypeErasure -enable-bare-slash-regex -empty-abi-descriptor -validate-clang-modules-once -clang-build-session-file /Users/eliaswilz/Library/Developer/Xcode/DerivedData/ModuleCache.noindex/Session.modulevalidation -Xcc -working-directory -Xcc /Users/eliaswilz/Documents/04-PROGRAMMING/Projects/ImprovSuggestions -resource-dir /Applications/Xcode.app/Contents/Developer/Toolchains/XcodeDefault.xctoolchain/usr/lib/swift -enable-anonymous-context-mangled-names -file-compilation-dir /Users/eliaswilz/Documents/04-PROGRAMMING/Projects/ImprovSuggestions -Xcc -D_LIBCPP_HARDENING_MODE\=_LIBCPP_HARDENING_MODE_DEBUG -Xcc -ivfsstatcache -Xcc /Users/eliaswilz/Library/Developer/Xcode/DerivedData/SDKStatCaches.noindex/iphonesimulator18.2-22C146-07b28473f605e47e75261259d3ef3b5a.sdkstatcache -Xcc -I/Users/eliaswilz/Library/Developer/Xcode/DerivedData/ImprovSuggestions-arilmhuykqtdvpblnctnlatmeljc/Build/Intermediates.noindex/ImprovSuggestions.build/Debug-iphonesimulator/ImprovSuggestions.build/swift-overrides.hmap -Xcc -iquote -Xcc /Users/eliaswilz/Library/Developer/Xcode/DerivedData/ImprovSuggestions-arilmhuykqtdvpblnctnlatmeljc/Build/Intermediates.noindex/ImprovSuggestions.build/Debug-iphonesimulator/ImprovSuggestions.build/ImprovSuggestions-generated-files.hmap -Xcc -I/Users/eliaswilz/Library/Developer/Xcode/DerivedData/ImprovSuggestions-arilmhuykqtdvpblnctnlatmeljc/Build/Intermediates.noindex/ImprovSuggestions.build/Debug-iphonesimulator/ImprovSuggestions.build/ImprovSuggestions-own-target-headers.hmap -Xcc -I/Users/eliaswilz/Library/Developer/Xcode/DerivedData/ImprovSuggestions-arilmhuykqtdvpblnctnlatmeljc/Build/Intermediates.noindex/ImprovSuggestions.build/Debug-iphonesimulator/ImprovSuggestions.build/ImprovSuggestions-all-target-headers.hmap -Xcc -iquote -Xcc /Users/eliaswilz/Library/Developer/Xcode/DerivedData/ImprovSuggestions-arilmhuykqtdvpblnctnlatmeljc/Build/Intermediates.noindex/ImprovSuggestions.build/Debug-iphonesimulator/ImprovSuggestions.build/ImprovSuggestions-project-headers.hmap -Xcc -I/Users/eliaswilz/Library/Developer/Xcode/DerivedData/ImprovSuggestions-arilmhuykqtdvpblnctnlatmeljc/Build/Products/Debug-iphonesimulator/include -Xcc -I/Users/eliaswilz/Library/Developer/Xcode/DerivedData/ImprovSuggestions-arilmhuykqtdvpblnctnlatmeljc/Build/Intermediates.noindex/ImprovSuggestions.build/Debug-iphonesimulator/ImprovSuggestions.build/DerivedSources-normal/x86_64 -Xcc -I/Users/eliaswilz/Library/Developer/Xcode/DerivedData/ImprovSuggestions-arilmhuykqtdvpblnctnlatmeljc/Build/Intermediates.noindex/ImprovSuggestions.build/Debug-iphonesimulator/ImprovSuggestions.build/DerivedSources/x86_64 -Xcc -I/Users/eliaswilz/Library/Developer/Xcode/DerivedData/ImprovSuggestions-arilmhuykqtdvpblnctnlatmeljc/Build/Intermediates.noindex/ImprovSuggestions.build/Debug-iphonesimulator/ImprovSuggestions.build/DerivedSources -Xcc -DDEBUG\=1 -module-name ImprovSuggestions -frontend-parseable-output -disable-clang-spi -target-sdk-version 18.2 -target-sdk-name iphonesimulator18.2 -external-plugin-path /Applications/Xcode.app/Contents/Developer/Platforms/iPhoneOS.platform/Developer/usr/lib/swift/host/plugins\#/Applications/Xcode.app/Contents/Developer/Platforms/iPhoneOS.platform/Developer/usr/bin/swift-plugin-server -external-plugin-path /Applications/Xcode.app/Contents/Developer/Platforms/iPhoneOS.platform/Developer/usr/local/lib/swift/host/plugins\#/Applications/Xcode.app/Contents/Developer/Platforms/iPhoneOS.platform/Developer/usr/bin/swift-plugin-server -plugin-path /Applications/Xcode.app/Contents/Developer/Toolchains/XcodeDefault.xctoolchain/usr/lib/swift/host/plugins -plugin-path /Applications/Xcode.app/Contents/Developer/Toolchains/XcodeDefault.xctoolchain/usr/local/lib/swift/host/plugins -o /Users/eliaswilz/Library/Developer/Xcode/DerivedData/ImprovSuggestions-arilmhuykqtdvpblnctnlatmeljc/Build/Intermediates.noindex/ImprovSuggestions.build/Debug-iphonesimulator/ImprovSuggestions.build/Objects-normal/x86_64/QuestionModeView.o -index-unit-output-path /ImprovSuggestions.build/Debug-iphonesimulator/ImprovSuggestions.build/Objects-normal/x86_64/QuestionModeView.o -index-store-path /Users/eliaswilz/Library/Developer/Xcode/DerivedData/ImprovSuggestions-arilmhuykqtdvpblnctnlatmeljc/Index.noindex/DataStore -index-system-modules
@__swiftmacro_17ImprovSuggestions0027QuestionModeViewswift_ovFAhfMX6_19_5QueryfMp_9PredicatefMf0_.swift:9:24: error: key path cannot refer to enum case 'question'
            keyPath: \.question
                       ^
@__swiftmacro_17ImprovSuggestions16QuestionModeViewV11suggestions33_4BC9DF104F927110119A70C23DDCD0A9LL5QueryfMp_.swift:1:108: note: in expansion of macro 'Predicate' here
private(set) var _suggestions: SwiftData.Query<[SuggestionItem].Element, [SuggestionItem]> = .init(filter: #Predicate<SuggestionItem> { suggestion in
                                                                                                           ^~~~~~~~~~~~~~~~~~~~~~~~~~~~~~~~~~~~~~~~~~
/Users/eliaswilz/Documents/04-PROGRAMMING/Projects/ImprovSuggestions/ImprovSuggestions/QuestionModeView.swift:5:5: note: in expansion of macro 'Query' on property 'suggestions' here
    @Query(filter: #Predicate<SuggestionItem> { suggestion in
    ^
@__swiftmacro_17ImprovSuggestions16QuestionModeViewV11suggestions33_4BC9DF104F927110119A70C23DDCD0A9LL5QueryfMp_.swift:1:108: note: in expansion of macro 'Predicate' here
private(set) var _suggestions: SwiftData.Query<[SuggestionItem].Element, [SuggestionItem]> = .init(filter: #Predicate<SuggestionItem> { suggestion in
                                                                                                           ^~~~~~~~~~~~~~~~~~~~~~~~~~~~~~~~~~~~~~~~~~
/Users/eliaswilz/Documents/04-PROGRAMMING/Projects/ImprovSuggestions/ImprovSuggestions/QuestionModeView.swift:5:5: note: in expansion of macro 'Query' on property 'suggestions' here
    @Query(filter: #Predicate<SuggestionItem> { suggestion in
    ^
@__swiftmacro_17ImprovSuggestions0027QuestionModeViewswift_ovFAhfMX6_19_5QueryfMp_9PredicatefMf0_.swift:9:22: error: cannot convert value of type 'KeyPath<Category.Type, Category>' to expected argument type 'KeyPath<PredicateExpressions.Value<Category.Type>.Output, Category?>'
            keyPath: \.question
                     ^
@__swiftmacro_17ImprovSuggestions16QuestionModeViewV11suggestions33_4BC9DF104F927110119A70C23DDCD0A9LL5QueryfMp_.swift:1:108: note: in expansion of macro 'Predicate' here
private(set) var _suggestions: SwiftData.Query<[SuggestionItem].Element, [SuggestionItem]> = .init(filter: #Predicate<SuggestionItem> { suggestion in
                                                                                                           ^~~~~~~~~~~~~~~~~~~~~~~~~~~~~~~~~~~~~~~~~~
/Users/eliaswilz/Documents/04-PROGRAMMING/Projects/ImprovSuggestions/ImprovSuggestions/QuestionModeView.swift:5:5: note: in expansion of macro 'Query' on property 'suggestions' here
    @Query(filter: #Predicate<SuggestionItem> { suggestion in
    ^
@__swiftmacro_17ImprovSuggestions16QuestionModeViewV11suggestions33_4BC9DF104F927110119A70C23DDCD0A9LL5QueryfMp_.swift:1:108: note: in expansion of macro 'Predicate' here
private(set) var _suggestions: SwiftData.Query<[SuggestionItem].Element, [SuggestionItem]> = .init(filter: #Predicate<SuggestionItem> { suggestion in
                                                                                                           ^~~~~~~~~~~~~~~~~~~~~~~~~~~~~~~~~~~~~~~~~~
/Users/eliaswilz/Documents/04-PROGRAMMING/Projects/ImprovSuggestions/ImprovSuggestions/QuestionModeView.swift:5:5: note: in expansion of macro 'Query' on property 'suggestions' here
    @Query(filter: #Predicate<SuggestionItem> { suggestion in
    ^
@__swiftmacro_17ImprovSuggestions0027QuestionModeViewswift_ovFAhfMX6_19_5QueryfMp_9PredicatefMf0_.swift:9:22: note: arguments to generic parameter 'Value' ('Category' and 'Category?') are expected to be equal
            keyPath: \.question
                     ^
@__swiftmacro_17ImprovSuggestions16QuestionModeViewV11suggestions33_4BC9DF104F927110119A70C23DDCD0A9LL5QueryfMp_.swift:1:108: note: in expansion of macro 'Predicate' here
private(set) var _suggestions: SwiftData.Query<[SuggestionItem].Element, [SuggestionItem]> = .init(filter: #Predicate<SuggestionItem> { suggestion in
                                                                                                           ^~~~~~~~~~~~~~~~~~~~~~~~~~~~~~~~~~~~~~~~~~
/Users/eliaswilz/Documents/04-PROGRAMMING/Projects/ImprovSuggestions/ImprovSuggestions/QuestionModeView.swift:5:5: note: in expansion of macro 'Query' on property 'suggestions' here
    @Query(filter: #Predicate<SuggestionItem> { suggestion in
    ^
@__swiftmacro_17ImprovSuggestions16QuestionModeViewV11suggestions33_4BC9DF104F927110119A70C23DDCD0A9LL5QueryfMp_.swift:1:108: note: in expansion of macro 'Predicate' here
private(set) var _suggestions: SwiftData.Query<[SuggestionItem].Element, [SuggestionItem]> = .init(filter: #Predicate<SuggestionItem> { suggestion in
                                                                                                           ^~~~~~~~~~~~~~~~~~~~~~~~~~~~~~~~~~~~~~~~~~
/Users/eliaswilz/Documents/04-PROGRAMMING/Projects/ImprovSuggestions/ImprovSuggestions/QuestionModeView.swift:5:5: note: in expansion of macro 'Query' on property 'suggestions' here
    @Query(filter: #Predicate<SuggestionItem> { suggestion in
    ^

** BUILD FAILED **


The following build commands failed:
	SwiftCompile normal arm64 Compiling\ QuestionModeView.swift /Users/eliaswilz/Documents/04-PROGRAMMING/Projects/ImprovSuggestions/ImprovSuggestions/QuestionModeView.swift (in target 'ImprovSuggestions' from project 'ImprovSuggestions')
	SwiftCompile normal arm64 /Users/eliaswilz/Documents/04-PROGRAMMING/Projects/ImprovSuggestions/ImprovSuggestions/QuestionModeView.swift (in target 'ImprovSuggestions' from project 'ImprovSuggestions')
	SwiftCompile normal x86_64 Compiling\ QuestionModeView.swift /Users/eliaswilz/Documents/04-PROGRAMMING/Projects/ImprovSuggestions/ImprovSuggestions/QuestionModeView.swift (in target 'ImprovSuggestions' from project 'ImprovSuggestions')
	SwiftCompile normal x86_64 /Users/eliaswilz/Documents/04-PROGRAMMING/Projects/ImprovSuggestions/ImprovSuggestions/QuestionModeView.swift (in target 'ImprovSuggestions' from project 'ImprovSuggestions')
	Building project ImprovSuggestions with scheme ImprovSuggestions
(5 failures)
